20:05:31 **** Incremental Build of configuration Debug for project usb_mdraw ****
make -r -j3 all 
Building file: ../src/usb_mdraw.cpp
Invoking: MCU C++ Compiler
arm-none-eabi-c++ -std=c++11 -D__NEWLIB__ -DDEBUG -D__CODE_RED -DCORE_M3 -D__USE_LPCOPEN -DCPP_USE_HEAP -D__LPC15XX__ -I"/Users/sam/Documents/Metropolia/Y3/Y3Q1/Project/plotter/workspace/usb_mdraw/inc" -I"/Users/sam/Documents/Metropolia/Y3/Y3Q1/Project/plotter/workspace/lpc_board_nxp_lpcxpresso_1549/inc" -I"/Users/sam/Documents/Metropolia/Y3/Y3Q1/Project/plotter/workspace/lpc_chip_15xx/inc" -I"/Users/sam/Documents/Metropolia/Y3/Y3Q1/Project/plotter/workspace/lpc_chip_15xx/inc/usbd" -I"/Users/sam/Documents/Metropolia/Y3/Y3Q1/Project/plotter/workspace/FreeRTOS/inc" -I"/Users/sam/Documents/Metropolia/Y3/Y3Q1/Project/plotter/workspace/FreeRTOS/src/include" -I"/Users/sam/Documents/Metropolia/Y3/Y3Q1/Project/plotter/workspace/FreeRTOS/src/portable/GCC/ARM_CM3" -O0 -fno-common -g3 -Wall -c -fmessage-length=0 -fno-builtin -ffunction-sections -fdata-sections -fno-rtti -fno-exceptions -mcpu=cortex-m3 -mthumb -MMD -MP -MF"src/usb_mdraw.d" -MT"src/usb_mdraw.o" -MT"src/usb_mdraw.d" -o "src/usb_mdraw.o" "../src/usb_mdraw.cpp"
Finished building: ../src/usb_mdraw.cpp
 
Building target: usb_mdraw.axf
Invoking: MCU C++ Linker
arm-none-eabi-c++ -nostdlib -L"/Users/sam/Documents/Metropolia/Y3/Y3Q1/Project/plotter/workspace/lpc_board_nxp_lpcxpresso_1549/Debug" -L"/Users/sam/Documents/Metropolia/Y3/Y3Q1/Project/plotter/workspace/lpc_chip_15xx/Debug" -L"/Users/sam/Documents/Metropolia/Y3/Y3Q1/Project/plotter/workspace/FreeRTOS/Debug" -Xlinker -Map="usb_mdraw.map" -Xlinker --gc-sections -Xlinker -print-memory-usage -mcpu=cortex-m3 -mthumb -T "usb_cdc_Debug.ld" -o "usb_mdraw.axf"  ./src/DigitalIoPin.o ./src/Fmutex.o ./src/ITM_write.o ./src/cdc_desc.o ./src/cdc_main.o ./src/cdc_vcom.o ./src/cr_cpp_config.o ./src/cr_startup_lpc15xx.o ./src/crp.o ./src/instruction.o ./src/sysinit.o ./src/usb_mdraw.o   -lfreertos -llpc_board_nxp_lpcxpresso_1549 -llpc_chip_15xx -lFreeRTOS
Memory region         Used Size  Region Size  %age Used
       MFlash256:       64372 B       256 KB     24.56%
      Ram0_16_32:        4608 B        32 KB     14.06%
          Ram2_4:          0 GB         4 KB      0.00%
Finished building target: usb_mdraw.axf
 
make --no-print-directory post-build
Performing post-build steps
arm-none-eabi-size "usb_mdraw.axf"; # arm-none-eabi-objcopy -v -O binary "usb_mdraw.axf" "usb_mdraw.bin" ; # checksum -p LPC1549 -d "usb_mdraw.bin";
   text	   data	    bss	    dec	    hex	filename
  61792	   2580	   2028	  66400	  10360	usb_mdraw.axf
 

20:05:32 Build Finished (took 1s.153ms)

