Archive member included to satisfy reference by file (symbol)

/Users/sam/Documents/MCUXpressoIDE_10.1.1/workspace/FreeRTOS/Debug/libfreertos.a(queue.o)
                              ./src/cdc_main.o (xQueueGenericCreate)
/Users/sam/Documents/MCUXpressoIDE_10.1.1/workspace/FreeRTOS/Debug/libfreertos.a(tasks.o)
                              ./src/usb_cdc.o (xTaskCreate)
/Users/sam/Documents/MCUXpressoIDE_10.1.1/workspace/FreeRTOS/Debug/libfreertos.a(heap_3.o)
                              /Users/sam/Documents/MCUXpressoIDE_10.1.1/workspace/FreeRTOS/Debug/libfreertos.a(queue.o) (pvPortMalloc)
/Users/sam/Documents/MCUXpressoIDE_10.1.1/workspace/FreeRTOS/Debug/libfreertos.a(port.o)
                              /Users/sam/Documents/MCUXpressoIDE_10.1.1/workspace/FreeRTOS/Debug/libfreertos.a(tasks.o) (pxPortInitialiseStack)
/Users/sam/Documents/MCUXpressoIDE_10.1.1/workspace/FreeRTOS/Debug/libfreertos.a(FreeRTOSCommonHooks.o)
                              /Users/sam/Documents/MCUXpressoIDE_10.1.1/workspace/FreeRTOS/Debug/libfreertos.a(heap_3.o) (vApplicationMallocFailedHook)
/Users/sam/Documents/MCUXpressoIDE_10.1.1/workspace/FreeRTOS/Debug/libfreertos.a(list.o)
                              /Users/sam/Documents/MCUXpressoIDE_10.1.1/workspace/FreeRTOS/Debug/libfreertos.a(queue.o) (vListInitialise)
/Users/sam/Documents/MCUXpressoIDE_10.1.1/workspace/lpc_board_nxp_lpcxpresso_1549/Debug/liblpc_board_nxp_lpcxpresso_1549.a(board.o)
                              ./src/usb_cdc.o (Board_LED_Set)
/Users/sam/Documents/MCUXpressoIDE_10.1.1/workspace/lpc_board_nxp_lpcxpresso_1549/Debug/liblpc_board_nxp_lpcxpresso_1549.a(board_sysinit.o)
                              ./src/sysinit.o (Board_SystemInit)
/Users/sam/Documents/MCUXpressoIDE_10.1.1/workspace/lpc_chip_15xx/Debug/liblpc_chip_15xx.a(chip_15xx.o)
                              /Users/sam/Documents/MCUXpressoIDE_10.1.1/workspace/FreeRTOS/Debug/libfreertos.a(port.o) (SystemCoreClock)
/Users/sam/Documents/MCUXpressoIDE_10.1.1/workspace/lpc_chip_15xx/Debug/liblpc_chip_15xx.a(clock_15xx.o)
                              /Users/sam/Documents/MCUXpressoIDE_10.1.1/workspace/lpc_board_nxp_lpcxpresso_1549/Debug/liblpc_board_nxp_lpcxpresso_1549.a(board.o) (Chip_Clock_GetMainClockRate)
/Users/sam/Documents/MCUXpressoIDE_10.1.1/workspace/lpc_chip_15xx/Debug/liblpc_chip_15xx.a(gpio_15xx.o)
                              /Users/sam/Documents/MCUXpressoIDE_10.1.1/workspace/lpc_board_nxp_lpcxpresso_1549/Debug/liblpc_board_nxp_lpcxpresso_1549.a(board.o) (Chip_GPIO_Init)
/Users/sam/Documents/MCUXpressoIDE_10.1.1/workspace/lpc_chip_15xx/Debug/liblpc_chip_15xx.a(iocon_15xx.o)
                              /Users/sam/Documents/MCUXpressoIDE_10.1.1/workspace/lpc_board_nxp_lpcxpresso_1549/Debug/liblpc_board_nxp_lpcxpresso_1549.a(board_sysinit.o) (Chip_IOCON_SetPinMuxing)
/Users/sam/Documents/MCUXpressoIDE_10.1.1/workspace/lpc_chip_15xx/Debug/liblpc_chip_15xx.a(sct_15xx.o)
                              ./src/usb_cdc.o (Chip_SCT_Init)
/Users/sam/Documents/MCUXpressoIDE_10.1.1/workspace/lpc_chip_15xx/Debug/liblpc_chip_15xx.a(swm_15xx.o)
                              ./src/ITM_write.o (Chip_SWM_MovablePinAssign)
/Users/sam/Documents/MCUXpressoIDE_10.1.1/workspace/lpc_chip_15xx/Debug/liblpc_chip_15xx.a(sysctl_15xx.o)
                              /Users/sam/Documents/MCUXpressoIDE_10.1.1/workspace/lpc_board_nxp_lpcxpresso_1549/Debug/liblpc_board_nxp_lpcxpresso_1549.a(board_sysinit.o) (Chip_SYSCTL_AssertPeriphReset)
/Users/sam/Documents/MCUXpressoIDE_10.1.1/workspace/lpc_chip_15xx/Debug/liblpc_chip_15xx.a(sysinit_15xx.o)
                              /Users/sam/Documents/MCUXpressoIDE_10.1.1/workspace/lpc_board_nxp_lpcxpresso_1549/Debug/liblpc_board_nxp_lpcxpresso_1549.a(board_sysinit.o) (Chip_SetupXtalClocking)
/Users/sam/Documents/MCUXpressoIDE_10.1.1/workspace/lpc_chip_15xx/Debug/liblpc_chip_15xx.a(uart_15xx.o)
                              /Users/sam/Documents/MCUXpressoIDE_10.1.1/workspace/lpc_board_nxp_lpcxpresso_1549/Debug/liblpc_board_nxp_lpcxpresso_1549.a(board.o) (Chip_UART_Init)
/Users/sam/Documents/MCUXpressoIDE_10.1.1/workspace/lpc_chip_15xx/Debug/liblpc_chip_15xx.a(ring_buffer.o)
                              /Users/sam/Documents/MCUXpressoIDE_10.1.1/workspace/lpc_chip_15xx/Debug/liblpc_chip_15xx.a(uart_15xx.o) (RingBuffer_Insert)
/Applications/MCUXpressoIDE_10.1.1_606/ide/tools/bin/../lib/gcc/arm-none-eabi/6.3.1/thumb/v7-m/libgcc.a(_aeabi_uldivmod.o)
                              /Users/sam/Documents/MCUXpressoIDE_10.1.1/workspace/lpc_chip_15xx/Debug/liblpc_chip_15xx.a(clock_15xx.o) (__aeabi_uldivmod)
/Applications/MCUXpressoIDE_10.1.1_606/ide/tools/bin/../lib/gcc/arm-none-eabi/6.3.1/thumb/v7-m/libgcc.a(_udivmoddi4.o)
                              /Applications/MCUXpressoIDE_10.1.1_606/ide/tools/bin/../lib/gcc/arm-none-eabi/6.3.1/thumb/v7-m/libgcc.a(_aeabi_uldivmod.o) (__udivmoddi4)
[...]
Memory Configuration

Name             Origin             Length             Attributes
MFlash256        0x0000000000000000 0x0000000000040000 xr
Ram0_16_32       0x0000000002000000 0x0000000000008000 xrw
Ram2_4           0x0000000002008000 0x0000000000001000 xrw
*default*        0x0000000000000000 0xffffffffffffffff

Linker script and memory map

LOAD ./src/Fmutex.o
LOAD ./src/ITM_write.o
LOAD ./src/cdc_desc.o
LOAD ./src/cdc_main.o
LOAD ./src/cdc_vcom.o
LOAD ./src/cr_cpp_config.o
LOAD ./src/cr_startup_lpc15xx.o
LOAD ./src/crp.o
LOAD ./src/sysinit.o
LOAD ./src/usb_cdc.o
LOAD /Users/sam/Documents/MCUXpressoIDE_10.1.1/workspace/FreeRTOS/Debug/libfreertos.a
LOAD /Users/sam/Documents/MCUXpressoIDE_10.1.1/workspace/lpc_board_nxp_lpcxpresso_1549/Debug/liblpc_board_nxp_lpcxpresso_1549.a
LOAD /Users/sam/Documents/MCUXpressoIDE_10.1.1/workspace/lpc_chip_15xx/Debug/liblpc_chip_15xx.a
LOAD /Users/sam/Documents/MCUXpressoIDE_10.1.1/workspace/FreeRTOS/Debug/libFreeRTOS.a
START GROUP
LOAD /Applications/MCUXpressoIDE_10.1.1_606/ide/tools/bin/../lib/gcc/arm-none-eabi/6.3.1/thumb/v7-m/libgcc.a
LOAD /Applications/MCUXpressoIDE_10.1.1_606/ide/tools/bin/../lib/gcc/arm-none-eabi/6.3.1/../../../../arm-none-eabi/lib/thumb/v7-m/libc.a
LOAD /Applications/MCUXpressoIDE_10.1.1_606/ide/tools/bin/../lib/gcc/arm-none-eabi/6.3.1/../../../../arm-none-eabi/lib/thumb/v7-m/libstdc++.a
LOAD /Applications/MCUXpressoIDE_10.1.1_606/ide/tools/bin/../lib/gcc/arm-none-eabi/6.3.1/../../../../arm-none-eabi/lib/thumb/v7-m/libm.a
LOAD /Applications/MCUXpressoIDE_10.1.1_606/ide/tools/bin/../lib/gcc/arm-none-eabi/6.3.1/../../../../arm-none-eabi/lib/thumb/v7-m/libcr_newlib_nohost.a
LOAD /Applications/MCUXpressoIDE_10.1.1_606/ide/tools/bin/../lib/gcc/arm-none-eabi/6.3.1/thumb/v7-m/crti.o
LOAD /Applications/MCUXpressoIDE_10.1.1_606/ide/tools/bin/../lib/gcc/arm-none-eabi/6.3.1/thumb/v7-m/crtn.o
LOAD /Applications/MCUXpressoIDE_10.1.1_606/ide/tools/bin/../lib/gcc/arm-none-eabi/6.3.1/thumb/v7-m/crtbegin.o
LOAD /Applications/MCUXpressoIDE_10.1.1_606/ide/tools/bin/../lib/gcc/arm-none-eabi/6.3.1/thumb/v7-m/crtend.o
END GROUP
                0x0000000000000000                __base_MFlash256 = 0x0
                0x0000000000000000                __base_Flash = 0x0
                0x0000000000040000                __top_MFlash256 = 0x40000
                0x0000000000040000                __top_Flash = 0x40000
                0x0000000002000000                __base_Ram0_16_32 = 0x2000000
                0x0000000002000000                __base_RAM = 0x2000000
                0x0000000002008000                __top_Ram0_16_32 = 0x2008000
                0x0000000002008000                __top_RAM = 0x2008000
                0x0000000002008000                __base_Ram2_4 = 0x2008000
                0x0000000002008000                __base_RAM2 = 0x2008000
                0x0000000002009000                __top_Ram2_4 = 0x2009000
                0x0000000002009000                __top_RAM2 = 0x2009000

.text           0x0000000000000000     0x4630
 FILL mask 0xff
                0x0000000000000000                __vectors_start__ = ABSOLUTE (.)
 *(.isr_vector)
 .isr_vector    0x0000000000000000       0xfc ./src/cr_startup_lpc15xx.o
                0x0000000000000000                g_pfnVectors
                0x00000000000000fc                . = ALIGN (0x4)
                0x00000000000000fc                __section_table_start = .
                0x00000000000000fc                __data_section_table = .
                0x00000000000000fc        0x4 LONG 0x4638 LOADADDR (.data)
                0x0000000000000100        0x4 LONG 0x2000000 ADDR (.data)
                0x0000000000000104        0x4 LONG 0x890 SIZEOF (.data)
                0x0000000000000108        0x4 LONG 0x4638 LOADADDR (.data_RAM2)
                0x000000000000010c        0x4 LONG 0x2008000 ADDR (.data_RAM2)
                0x0000000000000110        0x4 LONG 0x0 SIZEOF (.data_RAM2)
                0x0000000000000114                __data_section_table_end = .
                0x0000000000000114                __bss_section_table = .
                0x0000000000000114        0x4 LONG 0x2000890 ADDR (.bss)
                0x0000000000000118        0x4 LONG 0x64c SIZEOF (.bss)
                0x000000000000011c        0x4 LONG 0x2008000 ADDR (.bss_RAM2)
                0x0000000000000120        0x4 LONG 0x0 SIZEOF (.bss_RAM2)
                0x0000000000000124                __bss_section_table_end = .
                0x0000000000000124                __section_table_end = .
 *(.after_vectors*)
 .after_vectors
                0x0000000000000124      0x140 ./src/cr_startup_lpc15xx.o
                0x0000000000000124                data_init(unsigned int, unsigned int, unsigned int)
                0x0000000000000166                bss_init(unsigned int, unsigned int)
                0x000000000000019c                ResetISR
                0x0000000000000228                NMI_Handler
                0x000000000000022e                HardFault_Handler
                0x0000000000000234                MemManage_Handler
                0x000000000000023a                BusFault_Handler
                0x0000000000000240                UsageFault_Handler
                0x000000000000024c                DebugMon_Handler
                0x000000000000025e                UART0_IRQHandler
                0x000000000000025e                SPI1_IRQHandler
                0x000000000000025e                PIN_INT6_IRQHandler
                0x000000000000025e                IntDefaultHandler
                0x000000000000025e                PIN_INT4_IRQHandler
                0x000000000000025e                CAN_IRQHandler
                0x000000000000025e                RTC_ALARM_IRQHandler
                0x000000000000025e                ADC1B_IRQHandler
                0x000000000000025e                ADC1_OVR_IRQHandler
                0x000000000000025e                USBWakeup_IRQHandler
                0x000000000000025e                UART2_IRQHandler
                0x000000000000025e                PIN_INT5_IRQHandler
                0x000000000000025e                SCT1_IRQHandler
                0x000000000000025e                PIN_INT2_IRQHandler
                0x000000000000025e                USB_FIQHandler
                0x000000000000025e                SCT3_IRQHandler
                0x000000000000025e                PIN_INT7_IRQHandler
                0x000000000000025e                PIN_INT1_IRQHandler
                0x000000000000025e                BOD_IRQHandler
                0x000000000000025e                ADC0B_IRQHandler
                0x000000000000025e                ACMP0_IRQHandler
                0x000000000000025e                WDT_IRQHandler
                0x000000000000025e                PIN_INT0_IRQHandler
                0x000000000000025e                QEI_IRQHandler
                0x000000000000025e                ACMP3_IRQHandler
                0x000000000000025e                GINT0_IRQHandler
                0x000000000000025e                DAC_IRQHandler
                0x000000000000025e                SPI0_IRQHandler
                0x000000000000025e                EEPROM_IRQHandler
                0x000000000000025e                ACMP2_IRQHandler
                0x000000000000025e                ADC1A_IRQHandler
                0x000000000000025e                DMA_IRQHandler
                0x000000000000025e                PIN_INT3_IRQHandler
                0x000000000000025e                ACMP1_IRQHandler
                0x000000000000025e                ADC0A_IRQHandler
                0x000000000000025e                FMC_IRQHandler
                0x000000000000025e                GINT1_IRQHandler
                0x000000000000025e                SCT0_IRQHandler
                0x000000000000025e                ADC0_THCMP_IRQHandler
                0x000000000000025e                RIT_IRQHandler
                0x000000000000025e                I2C0_IRQHandler
                0x000000000000025e                ADC0_OVR_IRQHandler
                0x000000000000025e                ADC1_THCMP_IRQHandler
                0x000000000000025e                SCT2_IRQHandler
                0x000000000000025e                MRT_IRQHandler
                0x000000000000025e                UART1_IRQHandler
                0x000000000000025e                RTC_WAKE_IRQHandler
 *(.text*)
 .text.Chip_SWM_MovablePortPinAssign
                0x0000000000000264       0x30 ./src/ITM_write.o
 .text.ITM_init
                0x0000000000000294       0x12 ./src/ITM_write.o
                0x0000000000000294                ITM_init
 *fill*         0x00000000000002a6        0x2 ff
 .text.ITM_write
                0x00000000000002a8       0x7c ./src/ITM_write.o
                0x00000000000002a8                ITM_write
 .text.NVIC_EnableIRQ
                0x0000000000000324       0x30 ./src/cdc_main.o
 .text.vcom_connected
                0x0000000000000354       0x1c ./src/cdc_main.o
 .text.USB_send
                0x0000000000000370       0x74 ./src/cdc_main.o
                0x0000000000000370                USB_send
 .text.USB_receive
                0x00000000000003e4       0x5c ./src/cdc_main.o
                0x00000000000003e4                USB_receive
 .text.USB_IRQHandler
                0x0000000000000440       0x58 ./src/cdc_main.o
                0x0000000000000440                USB_IRQHandler
 .text.find_IntfDesc
                0x0000000000000498       0x5c ./src/cdc_main.o
                0x0000000000000498                find_IntfDesc
 .text.cdc_task
                0x00000000000004f4      0x2d8 ./src/cdc_main.o
                0x00000000000004f4                cdc_task
 .text.NVIC_EnableIRQ
                0x00000000000007cc       0x30 ./src/cdc_vcom.o
 .text.NVIC_DisableIRQ
                0x00000000000007fc       0x34 ./src/cdc_vcom.o
 .text.VCOM_bulk_in_hdlr
                0x0000000000000830       0x32 ./src/cdc_vcom.o
 *fill*         0x0000000000000862        0x2 ff
 .text.VCOM_bulk_out_hdlr
                0x0000000000000864       0xe8 ./src/cdc_vcom.o
 .text.VCOM_SetLineCode
                0x000000000000094c       0x28 ./src/cdc_vcom.o
 .text.vcom_init
                0x0000000000000974       0xec ./src/cdc_vcom.o
                0x0000000000000974                vcom_init
 .text.vcom_bread
                0x0000000000000a60       0x8c ./src/cdc_vcom.o
                0x0000000000000a60                vcom_bread
 .text.vcom_write
                0x0000000000000aec       0x74 ./src/cdc_vcom.o
                0x0000000000000aec                vcom_write
 .text.SystemInit
                0x0000000000000b60        0xc ./src/sysinit.o
                0x0000000000000b60                SystemInit
 .text._ZL16prvSetupHardwarev
                0x0000000000000b6c       0x18 ./src/usb_cdc.o
 .text._ZL9send_taskPv
                0x0000000000000b84       0x48 ./src/usb_cdc.o
 .text._ZL12receive_taskPv
                0x0000000000000bcc       0x4c ./src/usb_cdc.o
 .text.main     0x0000000000000c18       0x70 ./src/usb_cdc.o
                0x0000000000000c18                main
 .text.xQueueGenericReset
                0x0000000000000c88       0xb4 /Users/sam/Documents/MCUXpressoIDE_10.1.1/workspace/FreeRTOS/Debug/libfreertos.a(queue.o)
                0x0000000000000c88                xQueueGenericReset
 .text.xQueueGenericCreate
                0x0000000000000d3c       0x58 /Users/sam/Documents/MCUXpressoIDE_10.1.1/workspace/FreeRTOS/Debug/libfreertos.a(queue.o)
                0x0000000000000d3c                xQueueGenericCreate
 .text.prvInitialiseNewQueue
                0x0000000000000d94       0x46 /Users/sam/Documents/MCUXpressoIDE_10.1.1/workspace/FreeRTOS/Debug/libfreertos.a(queue.o)
 .text.prvInitialiseMutex
                0x0000000000000dda       0x34 /Users/sam/Documents/MCUXpressoIDE_10.1.1/workspace/FreeRTOS/Debug/libfreertos.a(queue.o)
 .text.xQueueCreateMutex
                0x0000000000000e0e       0x30 /Users/sam/Documents/MCUXpressoIDE_10.1.1/workspace/FreeRTOS/Debug/libfreertos.a(queue.o)
                0x0000000000000e0e                xQueueCreateMutex
 *fill*         0x0000000000000e3e        0x2 ff
 .text.xQueueGenericSend
                0x0000000000000e40      0x154 /Users/sam/Documents/MCUXpressoIDE_10.1.1/workspace/FreeRTOS/Debug/libfreertos.a(queue.o)
                0x0000000000000e40                xQueueGenericSend
 .text.xQueueGiveFromISR
                0x0000000000000f94       0xa6 /Users/sam/Documents/MCUXpressoIDE_10.1.1/workspace/FreeRTOS/Debug/libfreertos.a(queue.o)
                0x0000000000000f94                xQueueGiveFromISR
 *fill*         0x000000000000103a        0x2 ff
 .text.xQueueReceive
                0x000000000000103c      0x144 /Users/sam/Documents/MCUXpressoIDE_10.1.1/workspace/FreeRTOS/Debug/libfreertos.a(queue.o)
                0x000000000000103c                xQueueReceive
 .text.xQueueSemaphoreTake
                0x0000000000001180      0x190 /Users/sam/Documents/MCUXpressoIDE_10.1.1/workspace/FreeRTOS/Debug/libfreertos.a(queue.o)
                0x0000000000001180                xQueueSemaphoreTake
 .text.prvGetDisinheritPriorityAfterTimeout
                0x0000000000001310       0x2e /Users/sam/Documents/MCUXpressoIDE_10.1.1/workspace/FreeRTOS/Debug/libfreertos.a(queue.o)
 .text.prvCopyDataToQueue
                0x000000000000133e       0xd4 /Users/sam/Documents/MCUXpressoIDE_10.1.1/workspace/FreeRTOS/Debug/libfreertos.a(queue.o)
 .text.prvCopyDataFromQueue
                0x0000000000001412       0x4c /Users/sam/Documents/MCUXpressoIDE_10.1.1/workspace/FreeRTOS/Debug/libfreertos.a(queue.o)
 .text.prvUnlockQueue
                0x000000000000145e       0xa4 /Users/sam/Documents/MCUXpressoIDE_10.1.1/workspace/FreeRTOS/Debug/libfreertos.a(queue.o)
 .text.prvIsQueueEmpty
                0x0000000000001502       0x2c /Users/sam/Documents/MCUXpressoIDE_10.1.1/workspace/FreeRTOS/Debug/libfreertos.a(queue.o)
 .text.prvIsQueueFull
                0x000000000000152e       0x30 /Users/sam/Documents/MCUXpressoIDE_10.1.1/workspace/FreeRTOS/Debug/libfreertos.a(queue.o)
 *fill*         0x000000000000155e        0x2 ff
 .text.vQueueAddToRegistry
                0x0000000000001560       0x50 /Users/sam/Documents/MCUXpressoIDE_10.1.1/workspace/FreeRTOS/Debug/libfreertos.a(queue.o)
                0x0000000000001560                vQueueAddToRegistry
 .text.xTaskCreate
                0x00000000000015b0       0x84 /Users/sam/Documents/MCUXpressoIDE_10.1.1/workspace/FreeRTOS/Debug/libfreertos.a(tasks.o)
                0x00000000000015b0                xTaskCreate
 .text.prvInitialiseNewTask
                0x0000000000001634      0x17e /Users/sam/Documents/MCUXpressoIDE_10.1.1/workspace/FreeRTOS/Debug/libfreertos.a(tasks.o)
 *fill*         0x00000000000017b2        0x2 ff
 .text.prvAddNewTaskToReadyList
                0x00000000000017b4       0xdc /Users/sam/Documents/MCUXpressoIDE_10.1.1/workspace/FreeRTOS/Debug/libfreertos.a(tasks.o)
 .text.vTaskDelay
                0x0000000000001890       0x48 /Users/sam/Documents/MCUXpressoIDE_10.1.1/workspace/FreeRTOS/Debug/libfreertos.a(tasks.o)
                0x0000000000001890                vTaskDelay
 .text.vTaskStartScheduler
                0x00000000000018d8       0xa0 /Users/sam/Documents/MCUXpressoIDE_10.1.1/workspace/FreeRTOS/Debug/libfreertos.a(tasks.o)
                0x00000000000018d8                vTaskStartScheduler
 .text.vTaskSuspendAll
                0x0000000000001978       0x1c /Users/sam/Documents/MCUXpressoIDE_10.1.1/workspace/FreeRTOS/Debug/libfreertos.a(tasks.o)
                0x0000000000001978                vTaskSuspendAll
 .text.xTaskResumeAll
                0x0000000000001994      0x11c /Users/sam/Documents/MCUXpressoIDE_10.1.1/workspace/FreeRTOS/Debug/libfreertos.a(tasks.o)
                0x0000000000001994                xTaskResumeAll
 .text.xTaskIncrementTick
                0x0000000000001ab0      0x158 /Users/sam/Documents/MCUXpressoIDE_10.1.1/workspace/FreeRTOS/Debug/libfreertos.a(tasks.o)
                0x0000000000001ab0                xTaskIncrementTick
 .text.vTaskSwitchContext
                0x0000000000001c08      0x120 /Users/sam/Documents/MCUXpressoIDE_10.1.1/workspace/FreeRTOS/Debug/libfreertos.a(tasks.o)
                0x0000000000001c08                vTaskSwitchContext
 .text.vTaskPlaceOnEventList
                0x0000000000001d28       0x2c /Users/sam/Documents/MCUXpressoIDE_10.1.1/workspace/FreeRTOS/Debug/libfreertos.a(tasks.o)
                0x0000000000001d28                vTaskPlaceOnEventList
 .text.xTaskRemoveFromEventList
                0x0000000000001d54       0xa8 /Users/sam/Documents/MCUXpressoIDE_10.1.1/workspace/FreeRTOS/Debug/libfreertos.a(tasks.o)
                0x0000000000001d54                xTaskRemoveFromEventList
 .text.vTaskInternalSetTimeOutState
                0x0000000000001dfc       0x2c /Users/sam/Documents/MCUXpressoIDE_10.1.1/workspace/FreeRTOS/Debug/libfreertos.a(tasks.o)
                0x0000000000001dfc                vTaskInternalSetTimeOutState
 .text.xTaskCheckForTimeOut
                0x0000000000001e28       0x8c /Users/sam/Documents/MCUXpressoIDE_10.1.1/workspace/FreeRTOS/Debug/libfreertos.a(tasks.o)
                0x0000000000001e28                xTaskCheckForTimeOut
 .text.vTaskMissedYield
                0x0000000000001eb4       0x18 /Users/sam/Documents/MCUXpressoIDE_10.1.1/workspace/FreeRTOS/Debug/libfreertos.a(tasks.o)
                0x0000000000001eb4                vTaskMissedYield
 .text.prvIdleTask
                0x0000000000001ecc        0xe /Users/sam/Documents/MCUXpressoIDE_10.1.1/workspace/FreeRTOS/Debug/libfreertos.a(tasks.o)
 *fill*         0x0000000000001eda        0x2 ff
 .text.prvInitialiseTaskLists
                0x0000000000001edc       0x80 /Users/sam/Documents/MCUXpressoIDE_10.1.1/workspace/FreeRTOS/Debug/libfreertos.a(tasks.o)
 .text.prvCheckTasksWaitingTermination
                0x0000000000001f5c       0x58 /Users/sam/Documents/MCUXpressoIDE_10.1.1/workspace/FreeRTOS/Debug/libfreertos.a(tasks.o)
 .text.prvDeleteTCB
                0x0000000000001fb4       0x2a /Users/sam/Documents/MCUXpressoIDE_10.1.1/workspace/FreeRTOS/Debug/libfreertos.a(tasks.o)
 *fill*         0x0000000000001fde        0x2 ff
 .text.prvResetNextTaskUnblockTime
                0x0000000000001fe0       0x48 /Users/sam/Documents/MCUXpressoIDE_10.1.1/workspace/FreeRTOS/Debug/libfreertos.a(tasks.o)
 .text.xTaskPriorityInherit
                0x0000000000002028      0x10c /Users/sam/Documents/MCUXpressoIDE_10.1.1/workspace/FreeRTOS/Debug/libfreertos.a(tasks.o)
                0x0000000000002028                xTaskPriorityInherit
 .text.xTaskPriorityDisinherit
                0x0000000000002134       0xc8 /Users/sam/Documents/MCUXpressoIDE_10.1.1/workspace/FreeRTOS/Debug/libfreertos.a(tasks.o)
                0x0000000000002134                xTaskPriorityDisinherit
 .text.vTaskPriorityDisinheritAfterTimeout
                0x00000000000021fc       0xfc /Users/sam/Documents/MCUXpressoIDE_10.1.1/workspace/FreeRTOS/Debug/libfreertos.a(tasks.o)
                0x00000000000021fc                vTaskPriorityDisinheritAfterTimeout
 .text.pvTaskIncrementMutexHeldCount
                0x00000000000022f8       0x28 /Users/sam/Documents/MCUXpressoIDE_10.1.1/workspace/FreeRTOS/Debug/libfreertos.a(tasks.o)
                0x00000000000022f8                pvTaskIncrementMutexHeldCount
 .text.prvAddCurrentTaskToDelayedList
                0x0000000000002320       0xcc /Users/sam/Documents/MCUXpressoIDE_10.1.1/workspace/FreeRTOS/Debug/libfreertos.a(tasks.o)
 .text.pvPortMalloc
                0x00000000000023ec       0x2c /Users/sam/Documents/MCUXpressoIDE_10.1.1/workspace/FreeRTOS/Debug/libfreertos.a(heap_3.o)
                0x00000000000023ec                pvPortMalloc
 .text.vPortFree
                0x0000000000002418       0x24 /Users/sam/Documents/MCUXpressoIDE_10.1.1/workspace/FreeRTOS/Debug/libfreertos.a(heap_3.o)
                0x0000000000002418                vPortFree
 .text.pxPortInitialiseStack
                0x000000000000243c       0x58 /Users/sam/Documents/MCUXpressoIDE_10.1.1/workspace/FreeRTOS/Debug/libfreertos.a(port.o)
                0x000000000000243c                pxPortInitialiseStack
 .text.prvTaskExitError
                0x0000000000002494       0x2e /Users/sam/Documents/MCUXpressoIDE_10.1.1/workspace/FreeRTOS/Debug/libfreertos.a(port.o)
 *fill*         0x00000000000024c2        0xe ff
 .text.SVC_Handler
                0x00000000000024d0       0x28 /Users/sam/Documents/MCUXpressoIDE_10.1.1/workspace/FreeRTOS/Debug/libfreertos.a(port.o)
                0x00000000000024d0                SVC_Handler
 .text.prvPortStartFirstTask
                0x00000000000024f8       0x20 /Users/sam/Documents/MCUXpressoIDE_10.1.1/workspace/FreeRTOS/Debug/libfreertos.a(port.o)
 .text.xPortStartScheduler
                0x0000000000002518       0x40 /Users/sam/Documents/MCUXpressoIDE_10.1.1/workspace/FreeRTOS/Debug/libfreertos.a(port.o)
                0x0000000000002518                xPortStartScheduler
 .text.vPortEnterCritical
                0x0000000000002558       0x30 /Users/sam/Documents/MCUXpressoIDE_10.1.1/workspace/FreeRTOS/Debug/libfreertos.a(port.o)
                0x0000000000002558                vPortEnterCritical
 .text.vPortExitCritical
                0x0000000000002588       0x30 /Users/sam/Documents/MCUXpressoIDE_10.1.1/workspace/FreeRTOS/Debug/libfreertos.a(port.o)
                0x0000000000002588                vPortExitCritical
 *fill*         0x00000000000025b8        0x8 ff
 .text.PendSV_Handler
                0x00000000000025c0       0x48 /Users/sam/Documents/MCUXpressoIDE_10.1.1/workspace/FreeRTOS/Debug/libfreertos.a(port.o)
                0x00000000000025c0                PendSV_Handler
 .text.SysTick_Handler
                0x0000000000002608       0x40 /Users/sam/Documents/MCUXpressoIDE_10.1.1/workspace/FreeRTOS/Debug/libfreertos.a(port.o)
                0x0000000000002608                SysTick_Handler
 .text.vPortSetupTimerInterrupt
                0x0000000000002648       0x44 /Users/sam/Documents/MCUXpressoIDE_10.1.1/workspace/FreeRTOS/Debug/libfreertos.a(port.o)
                0x0000000000002648                vPortSetupTimerInterrupt
 .text.vApplicationMallocFailedHook
                0x000000000000268c       0x1c /Users/sam/Documents/MCUXpressoIDE_10.1.1/workspace/FreeRTOS/Debug/libfreertos.a(FreeRTOSCommonHooks.o)
                0x000000000000268c                vApplicationMallocFailedHook
 .text.vApplicationStackOverflowHook
                0x00000000000026a8       0x20 /Users/sam/Documents/MCUXpressoIDE_10.1.1/workspace/FreeRTOS/Debug/libfreertos.a(FreeRTOSCommonHooks.o)
                0x00000000000026a8                vApplicationStackOverflowHook
 .text.vListInitialise
                0x00000000000026c8       0x3e /Users/sam/Documents/MCUXpressoIDE_10.1.1/workspace/FreeRTOS/Debug/libfreertos.a(list.o)
                0x00000000000026c8                vListInitialise
 .text.vListInitialiseItem
                0x0000000000002706       0x18 /Users/sam/Documents/MCUXpressoIDE_10.1.1/workspace/FreeRTOS/Debug/libfreertos.a(list.o)
                0x0000000000002706                vListInitialiseItem
 .text.vListInsertEnd
                0x000000000000271e       0x46 /Users/sam/Documents/MCUXpressoIDE_10.1.1/workspace/FreeRTOS/Debug/libfreertos.a(list.o)
                0x000000000000271e                vListInsertEnd
 .text.vListInsert
                0x0000000000002764       0x70 /Users/sam/Documents/MCUXpressoIDE_10.1.1/workspace/FreeRTOS/Debug/libfreertos.a(list.o)
                0x0000000000002764                vListInsert
 .text.uxListRemove
                0x00000000000027d4       0x52 /Users/sam/Documents/MCUXpressoIDE_10.1.1/workspace/FreeRTOS/Debug/libfreertos.a(list.o)
                0x00000000000027d4                uxListRemove
 .text.Chip_IOCON_PinMuxSet
                0x0000000000002826       0x2c /Users/sam/Documents/MCUXpressoIDE_10.1.1/workspace/lpc_board_nxp_lpcxpresso_1549/Debug/liblpc_board_nxp_lpcxpresso_1549.a(board.o)
 .text.Chip_SWM_MovablePortPinAssign
                0x0000000000002852       0x30 /Users/sam/Documents/MCUXpressoIDE_10.1.1/workspace/lpc_board_nxp_lpcxpresso_1549/Debug/liblpc_board_nxp_lpcxpresso_1549.a(board.o)
 .text.Chip_GPIO_SetPinState
                0x0000000000002882       0x36 /Users/sam/Documents/MCUXpressoIDE_10.1.1/workspace/lpc_board_nxp_lpcxpresso_1549/Debug/liblpc_board_nxp_lpcxpresso_1549.a(board.o)
 .text.Chip_GPIO_SetPinDIROutput
                0x00000000000028b8       0x3c /Users/sam/Documents/MCUXpressoIDE_10.1.1/workspace/lpc_board_nxp_lpcxpresso_1549/Debug/liblpc_board_nxp_lpcxpresso_1549.a(board.o)
 .text.Chip_UART_Enable
                0x00000000000028f4       0x1e /Users/sam/Documents/MCUXpressoIDE_10.1.1/workspace/lpc_board_nxp_lpcxpresso_1549/Debug/liblpc_board_nxp_lpcxpresso_1549.a(board.o)
 .text.Chip_UART_TXEnable
                0x0000000000002912       0x1e /Users/sam/Documents/MCUXpressoIDE_10.1.1/workspace/lpc_board_nxp_lpcxpresso_1549/Debug/liblpc_board_nxp_lpcxpresso_1549.a(board.o)
 .text.Chip_UART_ConfigData
                0x0000000000002930       0x28 /Users/sam/Documents/MCUXpressoIDE_10.1.1/workspace/lpc_board_nxp_lpcxpresso_1549/Debug/liblpc_board_nxp_lpcxpresso_1549.a(board.o)
 .text.Board_Debug_Init
                0x0000000000002958       0x70 /Users/sam/Documents/MCUXpressoIDE_10.1.1/workspace/lpc_board_nxp_lpcxpresso_1549/Debug/liblpc_board_nxp_lpcxpresso_1549.a(board.o)
                0x0000000000002958                Board_Debug_Init
 .text.Board_LED_Init
                0x00000000000029c8       0x5c /Users/sam/Documents/MCUXpressoIDE_10.1.1/workspace/lpc_board_nxp_lpcxpresso_1549/Debug/liblpc_board_nxp_lpcxpresso_1549.a(board.o)
 .text.Board_LED_Set
                0x0000000000002a24       0x54 /Users/sam/Documents/MCUXpressoIDE_10.1.1/workspace/lpc_board_nxp_lpcxpresso_1549/Debug/liblpc_board_nxp_lpcxpresso_1549.a(board.o)
                0x0000000000002a24                Board_LED_Set
 .text.Board_Init
                0x0000000000002a78       0x18 /Users/sam/Documents/MCUXpressoIDE_10.1.1/workspace/lpc_board_nxp_lpcxpresso_1549/Debug/liblpc_board_nxp_lpcxpresso_1549.a(board.o)
                0x0000000000002a78                Board_Init
 .text.Chip_SYSCTL_PeriphReset
                0x0000000000002a90       0x22 /Users/sam/Documents/MCUXpressoIDE_10.1.1/workspace/lpc_board_nxp_lpcxpresso_1549/Debug/liblpc_board_nxp_lpcxpresso_1549.a(board_sysinit.o)
 *fill*         0x0000000000002ab2        0x2 ff
 .text.Chip_Clock_SetUSBPLLSource
                0x0000000000002ab4       0x20 /Users/sam/Documents/MCUXpressoIDE_10.1.1/workspace/lpc_board_nxp_lpcxpresso_1549/Debug/liblpc_board_nxp_lpcxpresso_1549.a(board_sysinit.o)
 .text.Chip_Clock_SetupUSBPLL
                0x0000000000002ad4       0x34 /Users/sam/Documents/MCUXpressoIDE_10.1.1/workspace/lpc_board_nxp_lpcxpresso_1549/Debug/liblpc_board_nxp_lpcxpresso_1549.a(board_sysinit.o)
 .text.Chip_Clock_IsUSBPLLLocked
                0x0000000000002b08       0x24 /Users/sam/Documents/MCUXpressoIDE_10.1.1/workspace/lpc_board_nxp_lpcxpresso_1549/Debug/liblpc_board_nxp_lpcxpresso_1549.a(board_sysinit.o)
 .text.Chip_Clock_SetSysTickClockDiv
                0x0000000000002b2c       0x20 /Users/sam/Documents/MCUXpressoIDE_10.1.1/workspace/lpc_board_nxp_lpcxpresso_1549/Debug/liblpc_board_nxp_lpcxpresso_1549.a(board_sysinit.o)
 .text.Chip_SWM_MovablePortPinAssign
                0x0000000000002b4c       0x30 /Users/sam/Documents/MCUXpressoIDE_10.1.1/workspace/lpc_board_nxp_lpcxpresso_1549/Debug/liblpc_board_nxp_lpcxpresso_1549.a(board_sysinit.o)
 .text.Board_SetupMuxing
                0x0000000000002b7c       0x80 /Users/sam/Documents/MCUXpressoIDE_10.1.1/workspace/lpc_board_nxp_lpcxpresso_1549/Debug/liblpc_board_nxp_lpcxpresso_1549.a(board_sysinit.o)
                0x0000000000002b7c                Board_SetupMuxing
 .text.Board_SetupClocking
                0x0000000000002bfc       0x3a /Users/sam/Documents/MCUXpressoIDE_10.1.1/workspace/lpc_board_nxp_lpcxpresso_1549/Debug/liblpc_board_nxp_lpcxpresso_1549.a(board_sysinit.o)
                0x0000000000002bfc                Board_SetupClocking
 *fill*         0x0000000000002c36        0x2 ff
 .text.Board_SystemInit
                0x0000000000002c38       0x1c /Users/sam/Documents/MCUXpressoIDE_10.1.1/workspace/lpc_board_nxp_lpcxpresso_1549/Debug/liblpc_board_nxp_lpcxpresso_1549.a(board_sysinit.o)
                0x0000000000002c38                Board_SystemInit
 .text.Chip_SYSCTL_PeriphReset
                0x0000000000002c54       0x22 /Users/sam/Documents/MCUXpressoIDE_10.1.1/workspace/lpc_chip_15xx/Debug/liblpc_chip_15xx.a(chip_15xx.o)
 *fill*         0x0000000000002c76        0x2 ff
 .text.Chip_Clock_SetUSBClockSource
                0x0000000000002c78       0x2c /Users/sam/Documents/MCUXpressoIDE_10.1.1/workspace/lpc_chip_15xx/Debug/liblpc_chip_15xx.a(chip_15xx.o)
 .text.Chip_Clock_SetUSBPLLSource
                0x0000000000002ca4       0x20 /Users/sam/Documents/MCUXpressoIDE_10.1.1/workspace/lpc_chip_15xx/Debug/liblpc_chip_15xx.a(chip_15xx.o)
 .text.Chip_Clock_SetupUSBPLL
                0x0000000000002cc4       0x34 /Users/sam/Documents/MCUXpressoIDE_10.1.1/workspace/lpc_chip_15xx/Debug/liblpc_chip_15xx.a(chip_15xx.o)
 .text.Chip_Clock_IsUSBPLLLocked
                0x0000000000002cf8       0x24 /Users/sam/Documents/MCUXpressoIDE_10.1.1/workspace/lpc_chip_15xx/Debug/liblpc_chip_15xx.a(chip_15xx.o)
 .text.SystemCoreClockUpdate
                0x0000000000002d1c       0x18 /Users/sam/Documents/MCUXpressoIDE_10.1.1/workspace/lpc_chip_15xx/Debug/liblpc_chip_15xx.a(chip_15xx.o)
                0x0000000000002d1c                SystemCoreClockUpdate
 .text.Chip_USB_Init
                0x0000000000002d34       0x4c /Users/sam/Documents/MCUXpressoIDE_10.1.1/workspace/lpc_chip_15xx/Debug/liblpc_chip_15xx.a(chip_15xx.o)
                0x0000000000002d34                Chip_USB_Init
 .text.Chip_Clock_SetMain_A_ClockSource
                0x0000000000002d80       0x20 /Users/sam/Documents/MCUXpressoIDE_10.1.1/workspace/lpc_chip_15xx/Debug/liblpc_chip_15xx.a(clock_15xx.o)
 .text.Chip_Clock_GetMain_A_ClockSource
                0x0000000000002da0       0x18 /Users/sam/Documents/MCUXpressoIDE_10.1.1/workspace/lpc_chip_15xx/Debug/liblpc_chip_15xx.a(clock_15xx.o)
 .text.Chip_Clock_SetMain_B_ClockSource
                0x0000000000002db8       0x20 /Users/sam/Documents/MCUXpressoIDE_10.1.1/workspace/lpc_chip_15xx/Debug/liblpc_chip_15xx.a(clock_15xx.o)
 .text.Chip_Clock_GetMain_B_ClockSource
                0x0000000000002dd8       0x18 /Users/sam/Documents/MCUXpressoIDE_10.1.1/workspace/lpc_chip_15xx/Debug/liblpc_chip_15xx.a(clock_15xx.o)
 .text.Chip_Clock_SetUARTFRGDivider
                0x0000000000002df0       0x20 /Users/sam/Documents/MCUXpressoIDE_10.1.1/workspace/lpc_chip_15xx/Debug/liblpc_chip_15xx.a(clock_15xx.o)
 .text.Chip_Clock_GetUARTFRGDivider
                0x0000000000002e10       0x18 /Users/sam/Documents/MCUXpressoIDE_10.1.1/workspace/lpc_chip_15xx/Debug/liblpc_chip_15xx.a(clock_15xx.o)
 .text.Chip_Clock_GetMainOscRate
                0x0000000000002e28       0x14 /Users/sam/Documents/MCUXpressoIDE_10.1.1/workspace/lpc_chip_15xx/Debug/liblpc_chip_15xx.a(clock_15xx.o)
 .text.Chip_Clock_GetIntOscRate
                0x0000000000002e3c       0x14 /Users/sam/Documents/MCUXpressoIDE_10.1.1/workspace/lpc_chip_15xx/Debug/liblpc_chip_15xx.a(clock_15xx.o)
 .text.Chip_Clock_GetRTCOscRate
                0x0000000000002e50       0x14 /Users/sam/Documents/MCUXpressoIDE_10.1.1/workspace/lpc_chip_15xx/Debug/liblpc_chip_15xx.a(clock_15xx.o)
 .text.Chip_Clock_GetWDTOSCRate
                0x0000000000002e64       0x14 /Users/sam/Documents/MCUXpressoIDE_10.1.1/workspace/lpc_chip_15xx/Debug/liblpc_chip_15xx.a(clock_15xx.o)
 .text.Chip_Clock_GetPLLFreq
                0x0000000000002e78       0x26 /Users/sam/Documents/MCUXpressoIDE_10.1.1/workspace/lpc_chip_15xx/Debug/liblpc_chip_15xx.a(clock_15xx.o)
 .text.Chip_Clock_GetPLLInClockRate
                0x0000000000002e9e       0x38 /Users/sam/Documents/MCUXpressoIDE_10.1.1/workspace/lpc_chip_15xx/Debug/liblpc_chip_15xx.a(clock_15xx.o)
 *fill*         0x0000000000002ed6        0x2 ff
 .text.Chip_Clock_GetSystemPLLInClockRate
                0x0000000000002ed8       0x1c /Users/sam/Documents/MCUXpressoIDE_10.1.1/workspace/lpc_chip_15xx/Debug/liblpc_chip_15xx.a(clock_15xx.o)
                0x0000000000002ed8                Chip_Clock_GetSystemPLLInClockRate
 .text.Chip_Clock_GetSystemPLLOutClockRate
                0x0000000000002ef4       0x24 /Users/sam/Documents/MCUXpressoIDE_10.1.1/workspace/lpc_chip_15xx/Debug/liblpc_chip_15xx.a(clock_15xx.o)
                0x0000000000002ef4                Chip_Clock_GetSystemPLLOutClockRate
 .text.Chip_Clock_GetMain_A_ClockRate
                0x0000000000002f18       0x44 /Users/sam/Documents/MCUXpressoIDE_10.1.1/workspace/lpc_chip_15xx/Debug/liblpc_chip_15xx.a(clock_15xx.o)
                0x0000000000002f18                Chip_Clock_GetMain_A_ClockRate
 .text.Chip_Clock_GetMain_B_ClockRate
                0x0000000000002f5c       0x58 /Users/sam/Documents/MCUXpressoIDE_10.1.1/workspace/lpc_chip_15xx/Debug/liblpc_chip_15xx.a(clock_15xx.o)
                0x0000000000002f5c                Chip_Clock_GetMain_B_ClockRate
 .text.Chip_Clock_SetMainClockSource
                0x0000000000002fb4       0x3c /Users/sam/Documents/MCUXpressoIDE_10.1.1/workspace/lpc_chip_15xx/Debug/liblpc_chip_15xx.a(clock_15xx.o)
                0x0000000000002fb4                Chip_Clock_SetMainClockSource
 .text.Chip_Clock_GetMainClockRate
                0x0000000000002ff0       0x28 /Users/sam/Documents/MCUXpressoIDE_10.1.1/workspace/lpc_chip_15xx/Debug/liblpc_chip_15xx.a(clock_15xx.o)
                0x0000000000002ff0                Chip_Clock_GetMainClockRate
 .text.Chip_Clock_EnablePeriphClock
                0x0000000000003018       0x54 /Users/sam/Documents/MCUXpressoIDE_10.1.1/workspace/lpc_chip_15xx/Debug/liblpc_chip_15xx.a(clock_15xx.o)
                0x0000000000003018                Chip_Clock_EnablePeriphClock
 .text.Chip_Clock_GetUARTBaseClockRate
                0x000000000000306c       0x88 /Users/sam/Documents/MCUXpressoIDE_10.1.1/workspace/lpc_chip_15xx/Debug/liblpc_chip_15xx.a(clock_15xx.o)
                0x000000000000306c                Chip_Clock_GetUARTBaseClockRate
 .text.Chip_Clock_SetUARTBaseClockRate
                0x00000000000030f4       0xa0 /Users/sam/Documents/MCUXpressoIDE_10.1.1/workspace/lpc_chip_15xx/Debug/liblpc_chip_15xx.a(clock_15xx.o)
                0x00000000000030f4                Chip_Clock_SetUARTBaseClockRate
 .text.Chip_Clock_GetSystemClockRate
                0x0000000000003194       0x1c /Users/sam/Documents/MCUXpressoIDE_10.1.1/workspace/lpc_chip_15xx/Debug/liblpc_chip_15xx.a(clock_15xx.o)
                0x0000000000003194                Chip_Clock_GetSystemClockRate
 .text.Chip_SYSCTL_PeriphReset
                0x00000000000031b0       0x22 /Users/sam/Documents/MCUXpressoIDE_10.1.1/workspace/lpc_chip_15xx/Debug/liblpc_chip_15xx.a(gpio_15xx.o)
 .text.Chip_GPIO_Init
                0x00000000000031d2       0x2e /Users/sam/Documents/MCUXpressoIDE_10.1.1/workspace/lpc_chip_15xx/Debug/liblpc_chip_15xx.a(gpio_15xx.o)
                0x00000000000031d2                Chip_GPIO_Init
 .text.Chip_IOCON_PinMuxSet
                0x0000000000003200       0x2c /Users/sam/Documents/MCUXpressoIDE_10.1.1/workspace/lpc_chip_15xx/Debug/liblpc_chip_15xx.a(iocon_15xx.o)
 .text.Chip_IOCON_SetPinMuxing
                0x000000000000322c       0x4e /Users/sam/Documents/MCUXpressoIDE_10.1.1/workspace/lpc_chip_15xx/Debug/liblpc_chip_15xx.a(iocon_15xx.o)
                0x000000000000322c                Chip_IOCON_SetPinMuxing
 *fill*         0x000000000000327a        0x2 ff
 .text.Chip_SWM_MovablePinAssign
                0x000000000000327c       0x5c /Users/sam/Documents/MCUXpressoIDE_10.1.1/workspace/lpc_chip_15xx/Debug/liblpc_chip_15xx.a(swm_15xx.o)
                0x000000000000327c                Chip_SWM_MovablePinAssign
 .text.Chip_SYSCTL_AssertPeriphReset
                0x00000000000032d8       0x48 /Users/sam/Documents/MCUXpressoIDE_10.1.1/workspace/lpc_chip_15xx/Debug/liblpc_chip_15xx.a(sysctl_15xx.o)
                0x00000000000032d8                Chip_SYSCTL_AssertPeriphReset
 .text.Chip_SYSCTL_DeassertPeriphReset
                0x0000000000003320       0x4c /Users/sam/Documents/MCUXpressoIDE_10.1.1/workspace/lpc_chip_15xx/Debug/liblpc_chip_15xx.a(sysctl_15xx.o)
                0x0000000000003320                Chip_SYSCTL_DeassertPeriphReset
 .text.Chip_SYSCTL_PowerDown
                0x000000000000336c       0x40 /Users/sam/Documents/MCUXpressoIDE_10.1.1/workspace/lpc_chip_15xx/Debug/liblpc_chip_15xx.a(sysctl_15xx.o)
                0x000000000000336c                Chip_SYSCTL_PowerDown
 .text.Chip_SYSCTL_PowerUp
                0x00000000000033ac       0x40 /Users/sam/Documents/MCUXpressoIDE_10.1.1/workspace/lpc_chip_15xx/Debug/liblpc_chip_15xx.a(sysctl_15xx.o)
                0x00000000000033ac                Chip_SYSCTL_PowerUp
 .text.Chip_FMC_SetFLASHAccess
                0x00000000000033ec       0x38 /Users/sam/Documents/MCUXpressoIDE_10.1.1/workspace/lpc_chip_15xx/Debug/liblpc_chip_15xx.a(sysinit_15xx.o)
 .text.Chip_Clock_SetSystemPLLSource
                0x0000000000003424       0x20 /Users/sam/Documents/MCUXpressoIDE_10.1.1/workspace/lpc_chip_15xx/Debug/liblpc_chip_15xx.a(sysinit_15xx.o)
 .text.Chip_Clock_SetupSystemPLL
                0x0000000000003444       0x34 /Users/sam/Documents/MCUXpressoIDE_10.1.1/workspace/lpc_chip_15xx/Debug/liblpc_chip_15xx.a(sysinit_15xx.o)
 .text.Chip_Clock_IsSystemPLLLocked
                0x0000000000003478       0x24 /Users/sam/Documents/MCUXpressoIDE_10.1.1/workspace/lpc_chip_15xx/Debug/liblpc_chip_15xx.a(sysinit_15xx.o)
 .text.Chip_Clock_SetSysClockDiv
                0x000000000000349c       0x20 /Users/sam/Documents/MCUXpressoIDE_10.1.1/workspace/lpc_chip_15xx/Debug/liblpc_chip_15xx.a(sysinit_15xx.o)
 .text.Chip_SetupXtalClocking
                0x00000000000034bc       0x6c /Users/sam/Documents/MCUXpressoIDE_10.1.1/workspace/lpc_chip_15xx/Debug/liblpc_chip_15xx.a(sysinit_15xx.o)
                0x00000000000034bc                Chip_SetupXtalClocking
 .text.Chip_SYSCTL_PeriphReset
                0x0000000000003528       0x22 /Users/sam/Documents/MCUXpressoIDE_10.1.1/workspace/lpc_chip_15xx/Debug/liblpc_chip_15xx.a(uart_15xx.o)
 *fill*         0x000000000000354a        0x2 ff
 .text.getUARTClockID
                0x000000000000354c       0x34 /Users/sam/Documents/MCUXpressoIDE_10.1.1/workspace/lpc_chip_15xx/Debug/liblpc_chip_15xx.a(uart_15xx.o)
 .text.Chip_UART_Init
                0x0000000000003580       0x4c /Users/sam/Documents/MCUXpressoIDE_10.1.1/workspace/lpc_chip_15xx/Debug/liblpc_chip_15xx.a(uart_15xx.o)
                0x0000000000003580                Chip_UART_Init
 .text.Chip_UART_SetBaud
                0x00000000000035cc       0x2a /Users/sam/Documents/MCUXpressoIDE_10.1.1/workspace/lpc_chip_15xx/Debug/liblpc_chip_15xx.a(uart_15xx.o)
                0x00000000000035cc                Chip_UART_SetBaud
 *fill*         0x00000000000035f6        0x2 ff
 .text          0x00000000000035f8       0x30 /Applications/MCUXpressoIDE_10.1.1_606/ide/tools/bin/../lib/gcc/arm-none-eabi/6.3.1/thumb/v7-m/libgcc.a(_aeabi_uldivmod.o)
                0x00000000000035f8                __aeabi_uldivmod
 .text          0x0000000000003628      0x2dc /Applications/MCUXpressoIDE_10.1.1_606/ide/tools/bin/../lib/gcc/arm-none-eabi/6.3.1/thumb/v7-m/libgcc.a(_udivmoddi4.o)
                0x0000000000003628                __udivmoddi4
 .text          0x0000000000003904        0x4 /Applications/MCUXpressoIDE_10.1.1_606/ide/tools/bin/../lib/gcc/arm-none-eabi/6.3.1/thumb/v7-m/libgcc.a(_dvmd_tls.o)
                0x0000000000003904                __aeabi_ldiv0
                0x0000000000003904                __aeabi_idiv0
 .text.__libc_init_array
                0x0000000000003908       0x50 /Applications/MCUXpressoIDE_10.1.1_606/ide/tools/bin/../lib/gcc/arm-none-eabi/6.3.1/../../../../arm-none-eabi/lib/thumb/v7-m/libc.a(lib_a-init.o)
                0x0000000000003908                __libc_init_array
 .text.malloc   0x0000000000003958       0x10 /Applications/MCUXpressoIDE_10.1.1_606/ide/tools/bin/../lib/gcc/arm-none-eabi/6.3.1/../../../../arm-none-eabi/lib/thumb/v7-m/libc.a(lib_a-malloc.o)
                0x0000000000003958                malloc
 .text.free     0x0000000000003968       0x10 /Applications/MCUXpressoIDE_10.1.1_606/ide/tools/bin/../lib/gcc/arm-none-eabi/6.3.1/../../../../arm-none-eabi/lib/thumb/v7-m/libc.a(lib_a-malloc.o)
                0x0000000000003968                free
 .text._malloc_r
                0x0000000000003978      0x544 /Applications/MCUXpressoIDE_10.1.1_606/ide/tools/bin/../lib/gcc/arm-none-eabi/6.3.1/../../../../arm-none-eabi/lib/thumb/v7-m/libc.a(lib_a-mallocr.o)
                0x0000000000003978                _malloc_r
 .text          0x0000000000003ebc       0xec /Applications/MCUXpressoIDE_10.1.1_606/ide/tools/bin/../lib/gcc/arm-none-eabi/6.3.1/../../../../arm-none-eabi/lib/thumb/v7-m/libc.a(lib_a-memcpy.o)
                0x0000000000003ebc                memcpy
 .text.memset   0x0000000000003fa8       0x9c /Applications/MCUXpressoIDE_10.1.1_606/ide/tools/bin/../lib/gcc/arm-none-eabi/6.3.1/../../../../arm-none-eabi/lib/thumb/v7-m/libc.a(lib_a-memset.o)
                0x0000000000003fa8                memset
 .text.__malloc_lock
                0x0000000000004044        0xc /Applications/MCUXpressoIDE_10.1.1_606/ide/tools/bin/../lib/gcc/arm-none-eabi/6.3.1/../../../../arm-none-eabi/lib/thumb/v7-m/libc.a(lib_a-mlock.o)
                0x0000000000004044                __malloc_lock
 .text.__malloc_unlock
                0x0000000000004050        0xc /Applications/MCUXpressoIDE_10.1.1_606/ide/tools/bin/../lib/gcc/arm-none-eabi/6.3.1/../../../../arm-none-eabi/lib/thumb/v7-m/libc.a(lib_a-mlock.o)
                0x0000000000004050                __malloc_unlock
 .text.cleanup_glue
                0x000000000000405c       0x1c /Applications/MCUXpressoIDE_10.1.1_606/ide/tools/bin/../lib/gcc/arm-none-eabi/6.3.1/../../../../arm-none-eabi/lib/thumb/v7-m/libc.a(lib_a-reent.o)
                0x000000000000405c                cleanup_glue
 .text._reclaim_reent
                0x0000000000004078       0x88 /Applications/MCUXpressoIDE_10.1.1_606/ide/tools/bin/../lib/gcc/arm-none-eabi/6.3.1/../../../../arm-none-eabi/lib/thumb/v7-m/libc.a(lib_a-reent.o)
                0x0000000000004078                _reclaim_reent
 .text._sbrk_r  0x0000000000004100       0x24 /Applications/MCUXpressoIDE_10.1.1_606/ide/tools/bin/../lib/gcc/arm-none-eabi/6.3.1/../../../../arm-none-eabi/lib/thumb/v7-m/libc.a(lib_a-sbrkr.o)
                0x0000000000004100                _sbrk_r
 .text._malloc_trim_r
                0x0000000000004124       0xa0 /Applications/MCUXpressoIDE_10.1.1_606/ide/tools/bin/../lib/gcc/arm-none-eabi/6.3.1/../../../../arm-none-eabi/lib/thumb/v7-m/libc.a(lib_a-freer.o)
                0x0000000000004124                _malloc_trim_r
 .text._free_r  0x00000000000041c4      0x1cc /Applications/MCUXpressoIDE_10.1.1_606/ide/tools/bin/../lib/gcc/arm-none-eabi/6.3.1/../../../../arm-none-eabi/lib/thumb/v7-m/libc.a(lib_a-freer.o)
                0x00000000000041c4                _free_r
 .text.__retarget_lock_acquire_recursive
                0x0000000000004390        0x4 /Applications/MCUXpressoIDE_10.1.1_606/ide/tools/bin/../lib/gcc/arm-none-eabi/6.3.1/../../../../arm-none-eabi/lib/thumb/v7-m/libc.a(lib_a-lock.o)
                0x0000000000004390                __retarget_lock_acquire_recursive
 .text.__retarget_lock_release_recursive
                0x0000000000004394        0x4 /Applications/MCUXpressoIDE_10.1.1_606/ide/tools/bin/../lib/gcc/arm-none-eabi/6.3.1/../../../../arm-none-eabi/lib/thumb/v7-m/libc.a(lib_a-lock.o)
                0x0000000000004394                __retarget_lock_release_recursive
 .text._sbrk    0x0000000000004398       0x3c /Applications/MCUXpressoIDE_10.1.1_606/ide/tools/bin/../lib/gcc/arm-none-eabi/6.3.1/../../../../arm-none-eabi/lib/thumb/v7-m/libcr_newlib_nohost.a(_cr_sbrk.o)
                0x0000000000004398                _sbrk
 .text.__check_heap_overflow
                0x00000000000043d4       0x18 /Applications/MCUXpressoIDE_10.1.1_606/ide/tools/bin/../lib/gcc/arm-none-eabi/6.3.1/../../../../arm-none-eabi/lib/thumb/v7-m/libcr_newlib_nohost.a(_cr_check_heap.o)
                0x00000000000043d4                __check_heap_overflow
 .text          0x00000000000043ec       0x6c /Applications/MCUXpressoIDE_10.1.1_606/ide/tools/bin/../lib/gcc/arm-none-eabi/6.3.1/thumb/v7-m/crtbegin.o
 .text.__errno  0x0000000000004458        0xc /Applications/MCUXpressoIDE_10.1.1_606/ide/tools/bin/../lib/gcc/arm-none-eabi/6.3.1/../../../../arm-none-eabi/lib/thumb/v7-m/libc.a(lib_a-errno.o)
                0x0000000000004458                __errno
 *(.rodata .rodata.* .constdata .constdata.*)
 .rodata.USB_DeviceDescriptor
                0x0000000000004464       0x12 ./src/cdc_desc.o
                0x0000000000004464                USB_DeviceDescriptor
 *fill*         0x0000000000004476        0x2 ff
 .rodata.USB_StringDescriptor
                0x0000000000004478       0x38 ./src/cdc_desc.o
                0x0000000000004478                USB_StringDescriptor
 .rodata        0x00000000000044b0       0x7c ./src/cdc_main.o
 .rodata        0x000000000000452c       0x1c ./src/usb_cdc.o
 .rodata        0x0000000000004548       0x40 /Users/sam/Documents/MCUXpressoIDE_10.1.1/workspace/FreeRTOS/Debug/libfreertos.a(tasks.o)
                0x0000000000004578                FreeRTOSDebugConfig
 .rodata.OscRateIn
                0x0000000000004588        0x4 /Users/sam/Documents/MCUXpressoIDE_10.1.1/workspace/lpc_board_nxp_lpcxpresso_1549/Debug/liblpc_board_nxp_lpcxpresso_1549.a(board.o)
                0x0000000000004588                OscRateIn
 .rodata.RTCOscRateIn
                0x000000000000458c        0x4 /Users/sam/Documents/MCUXpressoIDE_10.1.1/workspace/lpc_board_nxp_lpcxpresso_1549/Debug/liblpc_board_nxp_lpcxpresso_1549.a(board.o)
                0x000000000000458c                RTCOscRateIn
 .rodata.ledpins
                0x0000000000004590        0x3 /Users/sam/Documents/MCUXpressoIDE_10.1.1/workspace/lpc_board_nxp_lpcxpresso_1549/Debug/liblpc_board_nxp_lpcxpresso_1549.a(board.o)
 *fill*         0x0000000000004593        0x1 ff
 .rodata.ledports
                0x0000000000004594        0x3 /Users/sam/Documents/MCUXpressoIDE_10.1.1/workspace/lpc_board_nxp_lpcxpresso_1549/Debug/liblpc_board_nxp_lpcxpresso_1549.a(board.o)
 *fill*         0x0000000000004597        0x1 ff
 .rodata.ioconSetup
                0x0000000000004598       0x74 /Users/sam/Documents/MCUXpressoIDE_10.1.1/workspace/lpc_board_nxp_lpcxpresso_1549/Debug/liblpc_board_nxp_lpcxpresso_1549.a(board_sysinit.o)
 .rodata.swmSetup
                0x000000000000460c        0x6 /Users/sam/Documents/MCUXpressoIDE_10.1.1/workspace/lpc_board_nxp_lpcxpresso_1549/Debug/liblpc_board_nxp_lpcxpresso_1549.a(board_sysinit.o)
                0x0000000000004614                . = ALIGN (0x4)
 *fill*         0x0000000000004612        0x2 ff
                0x0000000000004614                . = ALIGN (0x4)
 *(.init)
 .init          0x0000000000004614        0x4 /Applications/MCUXpressoIDE_10.1.1_606/ide/tools/bin/../lib/gcc/arm-none-eabi/6.3.1/thumb/v7-m/crti.o
                0x0000000000004614                _init
 .init          0x0000000000004618        0x8 /Applications/MCUXpressoIDE_10.1.1_606/ide/tools/bin/../lib/gcc/arm-none-eabi/6.3.1/thumb/v7-m/crtn.o
                0x0000000000004620                . = ALIGN (0x4)
                0x0000000000004620                __preinit_array_start = .
 *(.preinit_array)
                0x0000000000004620                __preinit_array_end = .
                0x0000000000004620                . = ALIGN (0x4)
                0x0000000000004620                __init_array_start = .
 *(SORT(.init_array.*))
 *(.init_array)
 .init_array    0x0000000000004620        0x4 /Applications/MCUXpressoIDE_10.1.1_606/ide/tools/bin/../lib/gcc/arm-none-eabi/6.3.1/thumb/v7-m/crtbegin.o
                0x0000000000004624                __init_array_end = .
 *(.fini)
 .fini          0x0000000000004624        0x4 /Applications/MCUXpressoIDE_10.1.1_606/ide/tools/bin/../lib/gcc/arm-none-eabi/6.3.1/thumb/v7-m/crti.o
                0x0000000000004624                _fini
 .fini          0x0000000000004628        0x8 /Applications/MCUXpressoIDE_10.1.1_606/ide/tools/bin/../lib/gcc/arm-none-eabi/6.3.1/thumb/v7-m/crtn.o
                0x0000000000004630                . = ALIGN (0x4)
 *crtbegin.o(.ctors)
 *(EXCLUDE_FILE(*crtend.o) .ctors)
 *(SORT(.ctors.*))
 *crtend.o(.ctors)
                0x0000000000004630                . = ALIGN (0x4)
 *crtbegin.o(.dtors)
 *(EXCLUDE_FILE(*crtend.o) .dtors)
 *(SORT(.dtors.*))
 *crtend.o(.dtors)
                0x0000000000004630                . = ALIGN (0x4)

.glue_7         0x0000000000004630        0x0
 .glue_7        0x0000000000004630        0x0 linker stubs

.glue_7t        0x0000000000004630        0x0
 .glue_7t       0x0000000000004630        0x0 linker stubs

.vfp11_veneer   0x0000000000004630        0x0
 .vfp11_veneer  0x0000000000004630        0x0 linker stubs

.v4_bx          0x0000000000004630        0x0
 .v4_bx         0x0000000000004630        0x0 linker stubs

.iplt           0x0000000000004630        0x0
 .iplt          0x0000000000004630        0x0 ./src/Fmutex.o

.ARM.extab
 *(.ARM.extab* .gnu.linkonce.armextab.*)
                0x0000000000004630                __exidx_start = .

.ARM.exidx      0x0000000000004630        0x8
 *(.ARM.exidx* .gnu.linkonce.armexidx.*)
 .ARM.exidx     0x0000000000004630        0x8 /Applications/MCUXpressoIDE_10.1.1_606/ide/tools/bin/../lib/gcc/arm-none-eabi/6.3.1/thumb/v7-m/libgcc.a(_udivmoddi4.o)
                0x0000000000004638                __exidx_end = .
                0x0000000000004638                _etext = .

.rel.dyn        0x0000000000004638        0x0
 .rel.iplt      0x0000000000004638        0x0 ./src/Fmutex.o

.eh_frame       0x0000000000004638        0x0
 .eh_frame      0x0000000000004638        0x0 /Applications/MCUXpressoIDE_10.1.1_606/ide/tools/bin/../lib/gcc/arm-none-eabi/6.3.1/thumb/v7-m/crtbegin.o

.data_RAM2      0x0000000002008000        0x0 load address 0x0000000000004638
 FILL mask 0xff
                [!provide]                        PROVIDE (__start_data_RAM2, .)
 *(.ramfunc.$RAM2)
 *(.ramfunc.$Ram2_4)
 *(.data.$RAM2*)
 *(.data.$Ram2_4*)
                0x0000000002008000                . = ALIGN (0x4)
                [!provide]                        PROVIDE (__end_data_RAM2, .)

.uninit_RESERVED
                0x0000000002000000        0x0
 *(.bss.$RESERVED*)
                0x0000000002000000                . = ALIGN (0x4)
                0x0000000002000000                _end_uninit_RESERVED = .

.data           0x0000000002000000      0x890 load address 0x0000000000004638
 FILL mask 0xff
                0x0000000002000000                _data = .
 *(vtable)
 *(.ramfunc*)
 *(.data*)
 .data.USB_FsConfigDescriptor
                0x0000000002000000       0x4c ./src/cdc_desc.o
                0x0000000002000000                USB_FsConfigDescriptor
 .data.uxCriticalNesting
                0x000000000200004c        0x4 /Users/sam/Documents/MCUXpressoIDE_10.1.1/workspace/FreeRTOS/Debug/libfreertos.a(port.o)
 .data._impure_ptr
                0x0000000002000050        0x4 /Applications/MCUXpressoIDE_10.1.1_606/ide/tools/bin/../lib/gcc/arm-none-eabi/6.3.1/../../../../arm-none-eabi/lib/thumb/v7-m/libc.a(lib_a-impure.o)
                0x0000000002000050                _impure_ptr
 *fill*         0x0000000002000054        0x4 ff
 .data.impure_data
                0x0000000002000058      0x428 /Applications/MCUXpressoIDE_10.1.1_606/ide/tools/bin/../lib/gcc/arm-none-eabi/6.3.1/../../../../arm-none-eabi/lib/thumb/v7-m/libc.a(lib_a-impure.o)
 .data.__malloc_av_
                0x0000000002000480      0x408 /Applications/MCUXpressoIDE_10.1.1_606/ide/tools/bin/../lib/gcc/arm-none-eabi/6.3.1/../../../../arm-none-eabi/lib/thumb/v7-m/libc.a(lib_a-mallocr.o)
                0x0000000002000480                __malloc_av_
 .data.__malloc_sbrk_base
                0x0000000002000888        0x4 /Applications/MCUXpressoIDE_10.1.1_606/ide/tools/bin/../lib/gcc/arm-none-eabi/6.3.1/../../../../arm-none-eabi/lib/thumb/v7-m/libc.a(lib_a-mallocr.o)
                0x0000000002000888                __malloc_sbrk_base
 .data.__malloc_trim_threshold
                0x000000000200088c        0x4 /Applications/MCUXpressoIDE_10.1.1_606/ide/tools/bin/../lib/gcc/arm-none-eabi/6.3.1/../../../../arm-none-eabi/lib/thumb/v7-m/libc.a(lib_a-mallocr.o)
                0x000000000200088c                __malloc_trim_threshold
                0x0000000002000890                . = ALIGN (0x4)
                0x0000000002000890                _edata = .

.igot.plt       0x0000000002000890        0x0 load address 0x0000000000004ec8
 .igot.plt      0x0000000002000890        0x0 ./src/Fmutex.o

.jcr            0x0000000002000890        0x0 load address 0x0000000000004ec8
 .jcr           0x0000000002000890        0x0 /Applications/MCUXpressoIDE_10.1.1_606/ide/tools/bin/../lib/gcc/arm-none-eabi/6.3.1/thumb/v7-m/crtbegin.o

.bss_RAM2       0x0000000002008000        0x0
                [!provide]                        PROVIDE (__start_bss_RAM2, .)
 *(.bss.$RAM2*)
 *(.bss.$Ram2_4*)
                0x0000000002008000                . = ALIGN ((. != 0x0)?0x4:0x1)
                [!provide]                        PROVIDE (__end_bss_RAM2, .)

.bss            0x0000000002000890      0x64c
                0x0000000002000890                _bss = .
 *(.bss*)
 .bss.g_hUsb    0x0000000002000890        0x4 ./src/cdc_main.o
 .bss.g_rxBuff  0x0000000002000894      0x400 ./src/cdc_main.o
 .bss.g_pUsbApi
                0x0000000002000c94        0x4 ./src/cdc_main.o
                0x0000000002000c94                g_pUsbApi
 .bss.xCDCEventSemaphore
                0x0000000002000c98        0x4 ./src/cdc_main.o
 .bss.SendMutex
                0x0000000002000c9c        0x4 ./src/cdc_main.o
 .bss.SendComplete
                0x0000000002000ca0        0x4 ./src/cdc_main.o
 .bss.SendQueue
                0x0000000002000ca4        0x4 ./src/cdc_main.o
 .bss.AllocQueue
                0x0000000002000ca8        0x4 ./src/cdc_main.o
 .bss.ReceiveQueue
                0x0000000002000cac        0x4 ./src/cdc_main.o
 .bss.g_vCOM    0x0000000002000cb0       0x14 ./src/cdc_vcom.o
                0x0000000002000cb0                g_vCOM
 .bss.xQueueRegistry
                0x0000000002000cc4       0x50 /Users/sam/Documents/MCUXpressoIDE_10.1.1/workspace/FreeRTOS/Debug/libfreertos.a(queue.o)
                0x0000000002000cc4                xQueueRegistry
 .bss.pxCurrentTCB
                0x0000000002000d14        0x4 /Users/sam/Documents/MCUXpressoIDE_10.1.1/workspace/FreeRTOS/Debug/libfreertos.a(tasks.o)
                0x0000000002000d14                pxCurrentTCB
 .bss.pxReadyTasksLists
                0x0000000002000d18       0xa0 /Users/sam/Documents/MCUXpressoIDE_10.1.1/workspace/FreeRTOS/Debug/libfreertos.a(tasks.o)
 .bss.xDelayedTaskList1
                0x0000000002000db8       0x14 /Users/sam/Documents/MCUXpressoIDE_10.1.1/workspace/FreeRTOS/Debug/libfreertos.a(tasks.o)
 .bss.xDelayedTaskList2
                0x0000000002000dcc       0x14 /Users/sam/Documents/MCUXpressoIDE_10.1.1/workspace/FreeRTOS/Debug/libfreertos.a(tasks.o)
 .bss.pxDelayedTaskList
                0x0000000002000de0        0x4 /Users/sam/Documents/MCUXpressoIDE_10.1.1/workspace/FreeRTOS/Debug/libfreertos.a(tasks.o)
 .bss.pxOverflowDelayedTaskList
                0x0000000002000de4        0x4 /Users/sam/Documents/MCUXpressoIDE_10.1.1/workspace/FreeRTOS/Debug/libfreertos.a(tasks.o)
 .bss.xPendingReadyList
                0x0000000002000de8       0x14 /Users/sam/Documents/MCUXpressoIDE_10.1.1/workspace/FreeRTOS/Debug/libfreertos.a(tasks.o)
 .bss.xTasksWaitingTermination
                0x0000000002000dfc       0x14 /Users/sam/Documents/MCUXpressoIDE_10.1.1/workspace/FreeRTOS/Debug/libfreertos.a(tasks.o)
 .bss.uxDeletedTasksWaitingCleanUp
                0x0000000002000e10        0x4 /Users/sam/Documents/MCUXpressoIDE_10.1.1/workspace/FreeRTOS/Debug/libfreertos.a(tasks.o)
 .bss.xSuspendedTaskList
                0x0000000002000e14       0x14 /Users/sam/Documents/MCUXpressoIDE_10.1.1/workspace/FreeRTOS/Debug/libfreertos.a(tasks.o)
 .bss.uxCurrentNumberOfTasks
                0x0000000002000e28        0x4 /Users/sam/Documents/MCUXpressoIDE_10.1.1/workspace/FreeRTOS/Debug/libfreertos.a(tasks.o)
 .bss.xTickCount
                0x0000000002000e2c        0x4 /Users/sam/Documents/MCUXpressoIDE_10.1.1/workspace/FreeRTOS/Debug/libfreertos.a(tasks.o)
 .bss.uxTopReadyPriority
                0x0000000002000e30        0x4 /Users/sam/Documents/MCUXpressoIDE_10.1.1/workspace/FreeRTOS/Debug/libfreertos.a(tasks.o)
 .bss.xSchedulerRunning
                0x0000000002000e34        0x4 /Users/sam/Documents/MCUXpressoIDE_10.1.1/workspace/FreeRTOS/Debug/libfreertos.a(tasks.o)
 .bss.uxPendedTicks
                0x0000000002000e38        0x4 /Users/sam/Documents/MCUXpressoIDE_10.1.1/workspace/FreeRTOS/Debug/libfreertos.a(tasks.o)
 .bss.xYieldPending
                0x0000000002000e3c        0x4 /Users/sam/Documents/MCUXpressoIDE_10.1.1/workspace/FreeRTOS/Debug/libfreertos.a(tasks.o)
 .bss.xNumOfOverflows
                0x0000000002000e40        0x4 /Users/sam/Documents/MCUXpressoIDE_10.1.1/workspace/FreeRTOS/Debug/libfreertos.a(tasks.o)
 .bss.uxTaskNumber
                0x0000000002000e44        0x4 /Users/sam/Documents/MCUXpressoIDE_10.1.1/workspace/FreeRTOS/Debug/libfreertos.a(tasks.o)
 .bss.xNextTaskUnblockTime
                0x0000000002000e48        0x4 /Users/sam/Documents/MCUXpressoIDE_10.1.1/workspace/FreeRTOS/Debug/libfreertos.a(tasks.o)
 .bss.xIdleTaskHandle
                0x0000000002000e4c        0x4 /Users/sam/Documents/MCUXpressoIDE_10.1.1/workspace/FreeRTOS/Debug/libfreertos.a(tasks.o)
 .bss.uxSchedulerSuspended
                0x0000000002000e50        0x4 /Users/sam/Documents/MCUXpressoIDE_10.1.1/workspace/FreeRTOS/Debug/libfreertos.a(tasks.o)
 .bss.ulTaskSwitchedInTime
                0x0000000002000e54        0x4 /Users/sam/Documents/MCUXpressoIDE_10.1.1/workspace/FreeRTOS/Debug/libfreertos.a(tasks.o)
 .bss.ulTotalRunTime
                0x0000000002000e58        0x4 /Users/sam/Documents/MCUXpressoIDE_10.1.1/workspace/FreeRTOS/Debug/libfreertos.a(tasks.o)
 .bss.__malloc_current_mallinfo
                0x0000000002000e5c       0x28 /Applications/MCUXpressoIDE_10.1.1_606/ide/tools/bin/../lib/gcc/arm-none-eabi/6.3.1/../../../../arm-none-eabi/lib/thumb/v7-m/libc.a(lib_a-mallocr.o)
                0x0000000002000e5c                __malloc_current_mallinfo
 .bss.__malloc_max_sbrked_mem
                0x0000000002000e84        0x4 /Applications/MCUXpressoIDE_10.1.1_606/ide/tools/bin/../lib/gcc/arm-none-eabi/6.3.1/../../../../arm-none-eabi/lib/thumb/v7-m/libc.a(lib_a-mallocr.o)
                0x0000000002000e84                __malloc_max_sbrked_mem
 .bss.__malloc_max_total_mem
                0x0000000002000e88        0x4 /Applications/MCUXpressoIDE_10.1.1_606/ide/tools/bin/../lib/gcc/arm-none-eabi/6.3.1/../../../../arm-none-eabi/lib/thumb/v7-m/libc.a(lib_a-mallocr.o)
                0x0000000002000e88                __malloc_max_total_mem
 .bss.__malloc_top_pad
                0x0000000002000e8c        0x4 /Applications/MCUXpressoIDE_10.1.1_606/ide/tools/bin/../lib/gcc/arm-none-eabi/6.3.1/../../../../arm-none-eabi/lib/thumb/v7-m/libc.a(lib_a-mallocr.o)
                0x0000000002000e8c                __malloc_top_pad
 .bss.__end_of_heap
                0x0000000002000e90        0x4 /Applications/MCUXpressoIDE_10.1.1_606/ide/tools/bin/../lib/gcc/arm-none-eabi/6.3.1/../../../../arm-none-eabi/lib/thumb/v7-m/libcr_newlib_nohost.a(_cr_sbrk.o)
                0x0000000002000e90                __end_of_heap
 .bss           0x0000000002000e94       0x1c /Applications/MCUXpressoIDE_10.1.1_606/ide/tools/bin/../lib/gcc/arm-none-eabi/6.3.1/thumb/v7-m/crtbegin.o
 *(COMMON)
 COMMON         0x0000000002000eb0        0x4 /Users/sam/Documents/MCUXpressoIDE_10.1.1/workspace/lpc_chip_15xx/Debug/liblpc_chip_15xx.a(chip_15xx.o)
                0x0000000002000eb0                SystemCoreClock
 COMMON         0x0000000002000eb4        0x4 /Applications/MCUXpressoIDE_10.1.1_606/ide/tools/bin/../lib/gcc/arm-none-eabi/6.3.1/../../../../arm-none-eabi/lib/thumb/v7-m/libc.a(lib_a-reent.o)
                0x0000000002000eb4                errno
 COMMON         0x0000000002000eb8       0x21 /Applications/MCUXpressoIDE_10.1.1_606/ide/tools/bin/../lib/gcc/arm-none-eabi/6.3.1/../../../../arm-none-eabi/lib/thumb/v7-m/libc.a(lib_a-lock.o)
                0x0000000002000eb8                __lock___atexit_recursive_mutex
                0x0000000002000ebc                __lock___arc4random_mutex
                0x0000000002000ec0                __lock___env_recursive_mutex
                0x0000000002000ec4                __lock___sinit_recursive_mutex
                0x0000000002000ec8                __lock___malloc_recursive_mutex
                0x0000000002000ecc                __lock___at_quick_exit_mutex
                0x0000000002000ed0                __lock___dd_hash_mutex
                0x0000000002000ed4                __lock___tz_mutex
                0x0000000002000ed8                __lock___sfp_recursive_mutex
                0x0000000002000edc                . = ALIGN (0x4)
 *fill*         0x0000000002000ed9        0x3 
                0x0000000002000edc                _ebss = .
                [!provide]                        PROVIDE (end, .)

.noinit_RAM2    0x0000000002008000        0x0
 *(.noinit.$RAM2*)
 *(.noinit.$Ram2_4*)
                0x0000000002008000                . = ALIGN (0x4)

.noinit         0x0000000002000edc        0x0
                0x0000000002000edc                _noinit = .
 *(.noinit*)
                0x0000000002000edc                . = ALIGN (0x4)
                0x0000000002000edc                _end_noinit = .
                0x0000000002000edc                PROVIDE (_pvHeapStart, DEFINED (__user_heap_base)?__user_heap_base:.)
                0x0000000002008000                PROVIDE (_vStackTop, DEFINED (__user_stack_top)?__user_stack_top:(__top_Ram0_16_32 - 0x0))
                0xfffffffffdff735a                PROVIDE (__valid_user_code_checksum, (0x0 - ((((((_vStackTop + (ResetISR + 0x1)) + (NMI_Handler + 0x1)) + (HardFault_Handler + 0x1)) + (DEFINED (MemManage_Handler)?MemManage_Handler:0x0 + 0x1)) + (DEFINED (BusFault_Handler)?BusFault_Handler:0x0 + 0x1)) + (DEFINED (UsageFault_Handler)?UsageFault_Handler:0x0 + 0x1))))
                0x0000000000000000                _image_start = LOADADDR (.text)
                0x0000000000004ec8                _image_end = (LOADADDR (.data) + SIZEOF (.data))
                0x0000000000004ec8                _image_size = (_image_end - _image_start)
OUTPUT(usb_cdc.axf elf32-littlearm)

.debug_info     0x0000000000000000    0x1bc28
 .debug_info    0x0000000000000000      0x3b4 ./src/ITM_write.o
 .debug_info    0x00000000000003b4     0x160c ./src/cdc_desc.o
 .debug_info    0x00000000000019c0     0x3888 ./src/cdc_main.o
 .debug_info    0x0000000000005248     0x2658 ./src/cdc_vcom.o
 .debug_info    0x00000000000078a0      0x285 ./src/cr_startup_lpc15xx.o
 .debug_info    0x0000000000007b25      0x973 ./src/sysinit.o
 .debug_info    0x0000000000008498     0x58bc ./src/usb_cdc.o
 .debug_info    0x000000000000dd54     0x1a5e /Users/sam/Documents/MCUXpressoIDE_10.1.1/workspace/FreeRTOS/Debug/libfreertos.a(queue.o)
 .debug_info    0x000000000000f7b2     0x2634 /Users/sam/Documents/MCUXpressoIDE_10.1.1/workspace/FreeRTOS/Debug/libfreertos.a(tasks.o)
 .debug_info    0x0000000000011de6      0x9de /Users/sam/Documents/MCUXpressoIDE_10.1.1/workspace/FreeRTOS/Debug/libfreertos.a(heap_3.o)
 .debug_info    0x00000000000127c4      0xca9 /Users/sam/Documents/MCUXpressoIDE_10.1.1/workspace/FreeRTOS/Debug/libfreertos.a(port.o)
 .debug_info    0x000000000001346d      0xa8c /Users/sam/Documents/MCUXpressoIDE_10.1.1/workspace/FreeRTOS/Debug/libfreertos.a(FreeRTOSCommonHooks.o)
 .debug_info    0x0000000000013ef9      0xb7d /Users/sam/Documents/MCUXpressoIDE_10.1.1/workspace/FreeRTOS/Debug/libfreertos.a(list.o)
 .debug_info    0x0000000000014a76     0x1362 /Users/sam/Documents/MCUXpressoIDE_10.1.1/workspace/lpc_board_nxp_lpcxpresso_1549/Debug/liblpc_board_nxp_lpcxpresso_1549.a(board.o)
 .debug_info    0x0000000000015dd8     0x150b /Users/sam/Documents/MCUXpressoIDE_10.1.1/workspace/lpc_board_nxp_lpcxpresso_1549/Debug/liblpc_board_nxp_lpcxpresso_1549.a(board_sysinit.o)
 .debug_info    0x00000000000172e3      0x9de /Users/sam/Documents/MCUXpressoIDE_10.1.1/workspace/lpc_chip_15xx/Debug/liblpc_chip_15xx.a(chip_15xx.o)
 .debug_info    0x0000000000017cc1      0xd9e /Users/sam/Documents/MCUXpressoIDE_10.1.1/workspace/lpc_chip_15xx/Debug/liblpc_chip_15xx.a(clock_15xx.o)
 .debug_info    0x0000000000018a5f      0x68d /Users/sam/Documents/MCUXpressoIDE_10.1.1/workspace/lpc_chip_15xx/Debug/liblpc_chip_15xx.a(gpio_15xx.o)
 .debug_info    0x00000000000190ec      0x280 /Users/sam/Documents/MCUXpressoIDE_10.1.1/workspace/lpc_chip_15xx/Debug/liblpc_chip_15xx.a(iocon_15xx.o)
 .debug_info    0x000000000001936c      0x671 /Users/sam/Documents/MCUXpressoIDE_10.1.1/workspace/lpc_chip_15xx/Debug/liblpc_chip_15xx.a(swm_15xx.o)
 .debug_info    0x00000000000199dd      0x7a5 /Users/sam/Documents/MCUXpressoIDE_10.1.1/workspace/lpc_chip_15xx/Debug/liblpc_chip_15xx.a(sysctl_15xx.o)
 .debug_info    0x000000000001a182      0x77c /Users/sam/Documents/MCUXpressoIDE_10.1.1/workspace/lpc_chip_15xx/Debug/liblpc_chip_15xx.a(sysinit_15xx.o)
 .debug_info    0x000000000001a8fe      0x95a /Users/sam/Documents/MCUXpressoIDE_10.1.1/workspace/lpc_chip_15xx/Debug/liblpc_chip_15xx.a(uart_15xx.o)
 .debug_info    0x000000000001b258      0x966 /Applications/MCUXpressoIDE_10.1.1_606/ide/tools/bin/../lib/gcc/arm-none-eabi/6.3.1/../../../../arm-none-eabi/lib/thumb/v7-m/libcr_newlib_nohost.a(_cr_sbrk.o)
 .debug_info    0x000000000001bbbe       0x6a /Applications/MCUXpressoIDE_10.1.1_606/ide/tools/bin/../lib/gcc/arm-none-eabi/6.3.1/../../../../arm-none-eabi/lib/thumb/v7-m/libcr_newlib_nohost.a(_cr_check_heap.o)

.debug_abbrev   0x0000000000000000     0x39fa
 .debug_abbrev  0x0000000000000000      0x132 ./src/ITM_write.o
 .debug_abbrev  0x0000000000000132      0x16c ./src/cdc_desc.o
 .debug_abbrev  0x000000000000029e      0x339 ./src/cdc_main.o
 .debug_abbrev  0x00000000000005d7      0x336 ./src/cdc_vcom.o
 .debug_abbrev  0x000000000000090d      0x106 ./src/cr_startup_lpc15xx.o
 .debug_abbrev  0x0000000000000a13      0x1b1 ./src/sysinit.o
 .debug_abbrev  0x0000000000000bc4      0x78b ./src/usb_cdc.o
 .debug_abbrev  0x000000000000134f      0x368 /Users/sam/Documents/MCUXpressoIDE_10.1.1/workspace/FreeRTOS/Debug/libfreertos.a(queue.o)
 .debug_abbrev  0x00000000000016b7      0x396 /Users/sam/Documents/MCUXpressoIDE_10.1.1/workspace/FreeRTOS/Debug/libfreertos.a(tasks.o)
 .debug_abbrev  0x0000000000001a4d      0x214 /Users/sam/Documents/MCUXpressoIDE_10.1.1/workspace/FreeRTOS/Debug/libfreertos.a(heap_3.o)
 .debug_abbrev  0x0000000000001c61      0x31b /Users/sam/Documents/MCUXpressoIDE_10.1.1/workspace/FreeRTOS/Debug/libfreertos.a(port.o)
 .debug_abbrev  0x0000000000001f7c      0x26f /Users/sam/Documents/MCUXpressoIDE_10.1.1/workspace/FreeRTOS/Debug/libfreertos.a(FreeRTOSCommonHooks.o)
 .debug_abbrev  0x00000000000021eb      0x205 /Users/sam/Documents/MCUXpressoIDE_10.1.1/workspace/FreeRTOS/Debug/libfreertos.a(list.o)
 .debug_abbrev  0x00000000000023f0      0x327 /Users/sam/Documents/MCUXpressoIDE_10.1.1/workspace/lpc_board_nxp_lpcxpresso_1549/Debug/liblpc_board_nxp_lpcxpresso_1549.a(board.o)
 .debug_abbrev  0x0000000000002717      0x2f4 /Users/sam/Documents/MCUXpressoIDE_10.1.1/workspace/lpc_board_nxp_lpcxpresso_1549/Debug/liblpc_board_nxp_lpcxpresso_1549.a(board_sysinit.o)
 .debug_abbrev  0x0000000000002a0b      0x1ba /Users/sam/Documents/MCUXpressoIDE_10.1.1/workspace/lpc_chip_15xx/Debug/liblpc_chip_15xx.a(chip_15xx.o)
 .debug_abbrev  0x0000000000002bc5      0x2a8 /Users/sam/Documents/MCUXpressoIDE_10.1.1/workspace/lpc_chip_15xx/Debug/liblpc_chip_15xx.a(clock_15xx.o)
 .debug_abbrev  0x0000000000002e6d      0x184 /Users/sam/Documents/MCUXpressoIDE_10.1.1/workspace/lpc_chip_15xx/Debug/liblpc_chip_15xx.a(gpio_15xx.o)
 .debug_abbrev  0x0000000000002ff1      0x144 /Users/sam/Documents/MCUXpressoIDE_10.1.1/workspace/lpc_chip_15xx/Debug/liblpc_chip_15xx.a(iocon_15xx.o)
 .debug_abbrev  0x0000000000003135      0x163 /Users/sam/Documents/MCUXpressoIDE_10.1.1/workspace/lpc_chip_15xx/Debug/liblpc_chip_15xx.a(swm_15xx.o)
 .debug_abbrev  0x0000000000003298      0x138 /Users/sam/Documents/MCUXpressoIDE_10.1.1/workspace/lpc_chip_15xx/Debug/liblpc_chip_15xx.a(sysctl_15xx.o)
 .debug_abbrev  0x00000000000033d0      0x1af /Users/sam/Documents/MCUXpressoIDE_10.1.1/workspace/lpc_chip_15xx/Debug/liblpc_chip_15xx.a(sysinit_15xx.o)
 .debug_abbrev  0x000000000000357f      0x1f6 /Users/sam/Documents/MCUXpressoIDE_10.1.1/workspace/lpc_chip_15xx/Debug/liblpc_chip_15xx.a(uart_15xx.o)
 .debug_abbrev  0x0000000000003775      0x223 /Applications/MCUXpressoIDE_10.1.1_606/ide/tools/bin/../lib/gcc/arm-none-eabi/6.3.1/../../../../arm-none-eabi/lib/thumb/v7-m/libcr_newlib_nohost.a(_cr_sbrk.o)
 .debug_abbrev  0x0000000000003998       0x62 /Applications/MCUXpressoIDE_10.1.1_606/ide/tools/bin/../lib/gcc/arm-none-eabi/6.3.1/../../../../arm-none-eabi/lib/thumb/v7-m/libcr_newlib_nohost.a(_cr_check_heap.o)

.debug_aranges  0x0000000000000000      0xb50
 .debug_aranges
                0x0000000000000000       0x30 ./src/ITM_write.o
 .debug_aranges
                0x0000000000000030       0x18 ./src/cdc_desc.o
 .debug_aranges
                0x0000000000000048       0x50 ./src/cdc_main.o
 .debug_aranges
                0x0000000000000098       0x68 ./src/cdc_vcom.o
 .debug_aranges
                0x0000000000000100       0x80 ./src/cr_startup_lpc15xx.o
 .debug_aranges
                0x0000000000000180       0x20 ./src/sysinit.o
 .debug_aranges
                0x00000000000001a0       0x48 ./src/usb_cdc.o
 .debug_aranges
                0x00000000000001e8      0x128 /Users/sam/Documents/MCUXpressoIDE_10.1.1/workspace/FreeRTOS/Debug/libfreertos.a(queue.o)
 .debug_aranges
                0x0000000000000310      0x1f8 /Users/sam/Documents/MCUXpressoIDE_10.1.1/workspace/FreeRTOS/Debug/libfreertos.a(tasks.o)
 .debug_aranges
                0x0000000000000508       0x28 /Users/sam/Documents/MCUXpressoIDE_10.1.1/workspace/FreeRTOS/Debug/libfreertos.a(heap_3.o)
 .debug_aranges
                0x0000000000000530       0x70 /Users/sam/Documents/MCUXpressoIDE_10.1.1/workspace/FreeRTOS/Debug/libfreertos.a(port.o)
 .debug_aranges
                0x00000000000005a0       0x40 /Users/sam/Documents/MCUXpressoIDE_10.1.1/workspace/FreeRTOS/Debug/libfreertos.a(FreeRTOSCommonHooks.o)
 .debug_aranges
                0x00000000000005e0       0x40 /Users/sam/Documents/MCUXpressoIDE_10.1.1/workspace/FreeRTOS/Debug/libfreertos.a(list.o)
 .debug_aranges
                0x0000000000000620       0xd0 /Users/sam/Documents/MCUXpressoIDE_10.1.1/workspace/lpc_board_nxp_lpcxpresso_1549/Debug/liblpc_board_nxp_lpcxpresso_1549.a(board.o)
 .debug_aranges
                0x00000000000006f0       0x60 /Users/sam/Documents/MCUXpressoIDE_10.1.1/workspace/lpc_board_nxp_lpcxpresso_1549/Debug/liblpc_board_nxp_lpcxpresso_1549.a(board_sysinit.o)
 .debug_aranges
                0x0000000000000750       0x50 /Users/sam/Documents/MCUXpressoIDE_10.1.1/workspace/lpc_chip_15xx/Debug/liblpc_chip_15xx.a(chip_15xx.o)
 .debug_aranges
                0x00000000000007a0      0x128 /Users/sam/Documents/MCUXpressoIDE_10.1.1/workspace/lpc_chip_15xx/Debug/liblpc_chip_15xx.a(clock_15xx.o)
 .debug_aranges
                0x00000000000008c8       0x70 /Users/sam/Documents/MCUXpressoIDE_10.1.1/workspace/lpc_chip_15xx/Debug/liblpc_chip_15xx.a(gpio_15xx.o)
 .debug_aranges
                0x0000000000000938       0x28 /Users/sam/Documents/MCUXpressoIDE_10.1.1/workspace/lpc_chip_15xx/Debug/liblpc_chip_15xx.a(iocon_15xx.o)
 .debug_aranges
                0x0000000000000960       0x40 /Users/sam/Documents/MCUXpressoIDE_10.1.1/workspace/lpc_chip_15xx/Debug/liblpc_chip_15xx.a(swm_15xx.o)
 .debug_aranges
                0x00000000000009a0       0x50 /Users/sam/Documents/MCUXpressoIDE_10.1.1/workspace/lpc_chip_15xx/Debug/liblpc_chip_15xx.a(sysctl_15xx.o)
 .debug_aranges
                0x00000000000009f0       0x58 /Users/sam/Documents/MCUXpressoIDE_10.1.1/workspace/lpc_chip_15xx/Debug/liblpc_chip_15xx.a(sysinit_15xx.o)
 .debug_aranges
                0x0000000000000a48       0xc8 /Users/sam/Documents/MCUXpressoIDE_10.1.1/workspace/lpc_chip_15xx/Debug/liblpc_chip_15xx.a(uart_15xx.o)
 .debug_aranges
                0x0000000000000b10       0x20 /Applications/MCUXpressoIDE_10.1.1_606/ide/tools/bin/../lib/gcc/arm-none-eabi/6.3.1/../../../../arm-none-eabi/lib/thumb/v7-m/libcr_newlib_nohost.a(_cr_sbrk.o)
 .debug_aranges
                0x0000000000000b30       0x20 /Applications/MCUXpressoIDE_10.1.1_606/ide/tools/bin/../lib/gcc/arm-none-eabi/6.3.1/../../../../arm-none-eabi/lib/thumb/v7-m/libcr_newlib_nohost.a(_cr_check_heap.o)

.debug_ranges   0x0000000000000000      0x9d0
 .debug_ranges  0x0000000000000000       0x20 ./src/ITM_write.o
 .debug_ranges  0x0000000000000020       0x40 ./src/cdc_main.o
 .debug_ranges  0x0000000000000060       0x58 ./src/cdc_vcom.o
 .debug_ranges  0x00000000000000b8       0x70 ./src/cr_startup_lpc15xx.o
 .debug_ranges  0x0000000000000128       0x10 ./src/sysinit.o
 .debug_ranges  0x0000000000000138       0x38 ./src/usb_cdc.o
 .debug_ranges  0x0000000000000170      0x118 /Users/sam/Documents/MCUXpressoIDE_10.1.1/workspace/FreeRTOS/Debug/libfreertos.a(queue.o)
 .debug_ranges  0x0000000000000288      0x1e8 /Users/sam/Documents/MCUXpressoIDE_10.1.1/workspace/FreeRTOS/Debug/libfreertos.a(tasks.o)
 .debug_ranges  0x0000000000000470       0x18 /Users/sam/Documents/MCUXpressoIDE_10.1.1/workspace/FreeRTOS/Debug/libfreertos.a(heap_3.o)
 .debug_ranges  0x0000000000000488       0x60 /Users/sam/Documents/MCUXpressoIDE_10.1.1/workspace/FreeRTOS/Debug/libfreertos.a(port.o)
 .debug_ranges  0x00000000000004e8       0x30 /Users/sam/Documents/MCUXpressoIDE_10.1.1/workspace/FreeRTOS/Debug/libfreertos.a(FreeRTOSCommonHooks.o)
 .debug_ranges  0x0000000000000518       0x30 /Users/sam/Documents/MCUXpressoIDE_10.1.1/workspace/FreeRTOS/Debug/libfreertos.a(list.o)
 .debug_ranges  0x0000000000000548       0xd8 /Users/sam/Documents/MCUXpressoIDE_10.1.1/workspace/lpc_board_nxp_lpcxpresso_1549/Debug/liblpc_board_nxp_lpcxpresso_1549.a(board.o)
 .debug_ranges  0x0000000000000620       0x50 /Users/sam/Documents/MCUXpressoIDE_10.1.1/workspace/lpc_board_nxp_lpcxpresso_1549/Debug/liblpc_board_nxp_lpcxpresso_1549.a(board_sysinit.o)
 .debug_ranges  0x0000000000000670       0x40 /Users/sam/Documents/MCUXpressoIDE_10.1.1/workspace/lpc_chip_15xx/Debug/liblpc_chip_15xx.a(chip_15xx.o)
 .debug_ranges  0x00000000000006b0      0x118 /Users/sam/Documents/MCUXpressoIDE_10.1.1/workspace/lpc_chip_15xx/Debug/liblpc_chip_15xx.a(clock_15xx.o)
 .debug_ranges  0x00000000000007c8       0x60 /Users/sam/Documents/MCUXpressoIDE_10.1.1/workspace/lpc_chip_15xx/Debug/liblpc_chip_15xx.a(gpio_15xx.o)
 .debug_ranges  0x0000000000000828       0x18 /Users/sam/Documents/MCUXpressoIDE_10.1.1/workspace/lpc_chip_15xx/Debug/liblpc_chip_15xx.a(iocon_15xx.o)
 .debug_ranges  0x0000000000000840       0x30 /Users/sam/Documents/MCUXpressoIDE_10.1.1/workspace/lpc_chip_15xx/Debug/liblpc_chip_15xx.a(swm_15xx.o)
 .debug_ranges  0x0000000000000870       0x40 /Users/sam/Documents/MCUXpressoIDE_10.1.1/workspace/lpc_chip_15xx/Debug/liblpc_chip_15xx.a(sysctl_15xx.o)
 .debug_ranges  0x00000000000008b0       0x48 /Users/sam/Documents/MCUXpressoIDE_10.1.1/workspace/lpc_chip_15xx/Debug/liblpc_chip_15xx.a(sysinit_15xx.o)
 .debug_ranges  0x00000000000008f8       0xb8 /Users/sam/Documents/MCUXpressoIDE_10.1.1/workspace/lpc_chip_15xx/Debug/liblpc_chip_15xx.a(uart_15xx.o)
 .debug_ranges  0x00000000000009b0       0x10 /Applications/MCUXpressoIDE_10.1.1_606/ide/tools/bin/../lib/gcc/arm-none-eabi/6.3.1/../../../../arm-none-eabi/lib/thumb/v7-m/libcr_newlib_nohost.a(_cr_sbrk.o)
 .debug_ranges  0x00000000000009c0       0x10 /Applications/MCUXpressoIDE_10.1.1_606/ide/tools/bin/../lib/gcc/arm-none-eabi/6.3.1/../../../../arm-none-eabi/lib/thumb/v7-m/libcr_newlib_nohost.a(_cr_check_heap.o)

.debug_macro    0x0000000000000000     0xa393
 .debug_macro   0x0000000000000000      0x2a0 ./src/ITM_write.o
 .debug_macro   0x00000000000002a0      0x8ce ./src/ITM_write.o
 .debug_macro   0x0000000000000b6e       0x87 ./src/ITM_write.o
 .debug_macro   0x0000000000000bf5       0x22 ./src/ITM_write.o
 .debug_macro   0x0000000000000c17       0x7b ./src/ITM_write.o
 .debug_macro   0x0000000000000c92      0xa7d ./src/ITM_write.o
 .debug_macro   0x000000000000170f       0x18 ./src/ITM_write.o
 .debug_macro   0x0000000000001727      0x11c ./src/cdc_desc.o
 .debug_macro   0x0000000000001843      0x26c ./src/cdc_desc.o
 .debug_macro   0x0000000000001aaf       0x58 ./src/cdc_desc.o
 .debug_macro   0x0000000000001b07       0x12 ./src/cdc_desc.o
 .debug_macro   0x0000000000001b19       0xfa ./src/cdc_desc.o
 .debug_macro   0x0000000000001c13       0xee ./src/cdc_desc.o
 .debug_macro   0x0000000000001d01      0x69a ./src/cdc_desc.o
 .debug_macro   0x000000000000239b      0x272 ./src/cdc_desc.o
 .debug_macro   0x000000000000260d       0x10 ./src/cdc_desc.o
 .debug_macro   0x000000000000261d      0x531 ./src/cdc_main.o
 .debug_macro   0x0000000000002b4e       0x9c ./src/cdc_main.o
 .debug_macro   0x0000000000002bea       0x97 ./src/cdc_main.o
 .debug_macro   0x0000000000002c81      0x330 ./src/cdc_main.o
 .debug_macro   0x0000000000002fb1       0xfd ./src/cdc_main.o
 .debug_macro   0x00000000000030ae       0x43 ./src/cdc_main.o
 .debug_macro   0x00000000000030f1       0x1c ./src/cdc_main.o
 .debug_macro   0x000000000000310d       0x52 ./src/cdc_main.o
 .debug_macro   0x000000000000315f       0x40 ./src/cdc_main.o
 .debug_macro   0x000000000000319f       0x10 ./src/cdc_main.o
 .debug_macro   0x00000000000031af       0x40 ./src/cdc_main.o
 .debug_macro   0x00000000000031ef       0xd7 ./src/cdc_main.o
 .debug_macro   0x00000000000032c6      0x18b ./src/cdc_main.o
 .debug_macro   0x0000000000003451       0x16 ./src/cdc_main.o
 .debug_macro   0x0000000000003467       0x35 ./src/cdc_main.o
 .debug_macro   0x000000000000349c       0x2e ./src/cdc_main.o
 .debug_macro   0x00000000000034ca      0x118 ./src/cdc_main.o
 .debug_macro   0x00000000000035e2       0x16 ./src/cdc_main.o
 .debug_macro   0x00000000000035f8      0x49a ./src/cdc_vcom.o
 .debug_macro   0x0000000000003a92       0x52 ./src/cdc_vcom.o
 .debug_macro   0x0000000000003ae4       0x8d ./src/cdc_vcom.o
 .debug_macro   0x0000000000003b71      0x174 ./src/cdc_vcom.o
 .debug_macro   0x0000000000003ce5       0x57 ./src/cdc_vcom.o
 .debug_macro   0x0000000000003d3c       0x10 ./src/cdc_vcom.o
 .debug_macro   0x0000000000003d4c       0x1c ./src/cdc_vcom.o
 .debug_macro   0x0000000000003d68       0x23 ./src/cr_startup_lpc15xx.o
 .debug_macro   0x0000000000003d8b      0x3d0 ./src/sysinit.o
 .debug_macro   0x000000000000415b      0x855 ./src/usb_cdc.o
 .debug_macro   0x00000000000049b0       0x97 ./src/usb_cdc.o
 .debug_macro   0x0000000000004a47      0x104 ./src/usb_cdc.o
 .debug_macro   0x0000000000004b4b       0x82 ./src/usb_cdc.o
 .debug_macro   0x0000000000004bcd       0xb5 ./src/usb_cdc.o
 .debug_macro   0x0000000000004c82       0x8c ./src/usb_cdc.o
 .debug_macro   0x0000000000004d0e       0x28 ./src/usb_cdc.o
 .debug_macro   0x0000000000004d36       0x1f ./src/usb_cdc.o
 .debug_macro   0x0000000000004d55       0x12 ./src/usb_cdc.o
 .debug_macro   0x0000000000004d67       0x46 ./src/usb_cdc.o
 .debug_macro   0x0000000000004dad       0x1c ./src/usb_cdc.o
 .debug_macro   0x0000000000004dc9       0x18 ./src/usb_cdc.o
 .debug_macro   0x0000000000004de1       0x6e ./src/usb_cdc.o
 .debug_macro   0x0000000000004e4f       0x1c ./src/usb_cdc.o
 .debug_macro   0x0000000000004e6b       0x12 ./src/usb_cdc.o
 .debug_macro   0x0000000000004e7d       0x88 ./src/usb_cdc.o
 .debug_macro   0x0000000000004f05       0x12 ./src/usb_cdc.o
 .debug_macro   0x0000000000004f17       0x22 ./src/usb_cdc.o
 .debug_macro   0x0000000000004f39       0x3c ./src/usb_cdc.o
 .debug_macro   0x0000000000004f75       0x2c ./src/usb_cdc.o
 .debug_macro   0x0000000000004fa1      0x173 ./src/usb_cdc.o
 .debug_macro   0x0000000000005114       0x17 ./src/usb_cdc.o
 .debug_macro   0x000000000000512b       0x10 ./src/usb_cdc.o
 .debug_macro   0x000000000000513b       0x2e ./src/usb_cdc.o
 .debug_macro   0x0000000000005169       0x16 ./src/usb_cdc.o
 .debug_macro   0x000000000000517f       0x40 ./src/usb_cdc.o
 .debug_macro   0x00000000000051bf       0x5e ./src/usb_cdc.o
 .debug_macro   0x000000000000521d       0x11 ./src/usb_cdc.o
 .debug_macro   0x000000000000522e       0x2f ./src/usb_cdc.o
 .debug_macro   0x000000000000525d       0x16 ./src/usb_cdc.o
 .debug_macro   0x0000000000005273       0x10 ./src/usb_cdc.o
 .debug_macro   0x0000000000005283      0x123 ./src/usb_cdc.o
 .debug_macro   0x00000000000053a6       0x10 ./src/usb_cdc.o
 .debug_macro   0x00000000000053b6      0x241 ./src/usb_cdc.o
 .debug_macro   0x00000000000055f7       0x11 ./src/usb_cdc.o
 .debug_macro   0x0000000000005608       0xf6 ./src/usb_cdc.o
 .debug_macro   0x00000000000056fe       0x16 ./src/usb_cdc.o
 .debug_macro   0x0000000000005714       0x10 ./src/usb_cdc.o
 .debug_macro   0x0000000000005724       0x10 ./src/usb_cdc.o
 .debug_macro   0x0000000000005734       0x2e ./src/usb_cdc.o
 .debug_macro   0x0000000000005762       0x40 ./src/usb_cdc.o
 .debug_macro   0x00000000000057a2       0x10 ./src/usb_cdc.o
 .debug_macro   0x00000000000057b2       0x20 ./src/usb_cdc.o
 .debug_macro   0x00000000000057d2      0x4e5 /Users/sam/Documents/MCUXpressoIDE_10.1.1/workspace/FreeRTOS/Debug/libfreertos.a(queue.o)
 .debug_macro   0x0000000000005cb7      0x8ce /Users/sam/Documents/MCUXpressoIDE_10.1.1/workspace/FreeRTOS/Debug/libfreertos.a(queue.o)
 .debug_macro   0x0000000000006585      0x10e /Users/sam/Documents/MCUXpressoIDE_10.1.1/workspace/FreeRTOS/Debug/libfreertos.a(queue.o)
 .debug_macro   0x0000000000006693       0x8d /Users/sam/Documents/MCUXpressoIDE_10.1.1/workspace/FreeRTOS/Debug/libfreertos.a(queue.o)
 .debug_macro   0x0000000000006720       0x16 /Users/sam/Documents/MCUXpressoIDE_10.1.1/workspace/FreeRTOS/Debug/libfreertos.a(queue.o)
 .debug_macro   0x0000000000006736       0x29 /Users/sam/Documents/MCUXpressoIDE_10.1.1/workspace/FreeRTOS/Debug/libfreertos.a(queue.o)
 .debug_macro   0x000000000000675f      0x55d /Users/sam/Documents/MCUXpressoIDE_10.1.1/workspace/FreeRTOS/Debug/libfreertos.a(tasks.o)
 .debug_macro   0x0000000000006cbc       0x91 /Users/sam/Documents/MCUXpressoIDE_10.1.1/workspace/FreeRTOS/Debug/libfreertos.a(tasks.o)
 .debug_macro   0x0000000000006d4d       0x10 /Users/sam/Documents/MCUXpressoIDE_10.1.1/workspace/FreeRTOS/Debug/libfreertos.a(tasks.o)
 .debug_macro   0x0000000000006d5d       0x16 /Users/sam/Documents/MCUXpressoIDE_10.1.1/workspace/FreeRTOS/Debug/libfreertos.a(tasks.o)
 .debug_macro   0x0000000000006d73      0x484 /Users/sam/Documents/MCUXpressoIDE_10.1.1/workspace/FreeRTOS/Debug/libfreertos.a(heap_3.o)
 .debug_macro   0x00000000000071f7      0x4f2 /Users/sam/Documents/MCUXpressoIDE_10.1.1/workspace/FreeRTOS/Debug/libfreertos.a(port.o)
 .debug_macro   0x00000000000076e9      0x460 /Users/sam/Documents/MCUXpressoIDE_10.1.1/workspace/FreeRTOS/Debug/libfreertos.a(FreeRTOSCommonHooks.o)
 .debug_macro   0x0000000000007b49      0x469 /Users/sam/Documents/MCUXpressoIDE_10.1.1/workspace/FreeRTOS/Debug/libfreertos.a(list.o)
 .debug_macro   0x0000000000007fb2      0x3e6 /Users/sam/Documents/MCUXpressoIDE_10.1.1/workspace/lpc_board_nxp_lpcxpresso_1549/Debug/liblpc_board_nxp_lpcxpresso_1549.a(board.o)
 .debug_macro   0x0000000000008398      0x8c8 /Users/sam/Documents/MCUXpressoIDE_10.1.1/workspace/lpc_board_nxp_lpcxpresso_1549/Debug/liblpc_board_nxp_lpcxpresso_1549.a(board.o)
 .debug_macro   0x0000000000008c60       0x12 /Users/sam/Documents/MCUXpressoIDE_10.1.1/workspace/lpc_board_nxp_lpcxpresso_1549/Debug/liblpc_board_nxp_lpcxpresso_1549.a(board.o)
 .debug_macro   0x0000000000008c72      0x3fd /Users/sam/Documents/MCUXpressoIDE_10.1.1/workspace/lpc_board_nxp_lpcxpresso_1549/Debug/liblpc_board_nxp_lpcxpresso_1549.a(board_sysinit.o)
 .debug_macro   0x000000000000906f      0x260 /Users/sam/Documents/MCUXpressoIDE_10.1.1/workspace/lpc_chip_15xx/Debug/liblpc_chip_15xx.a(chip_15xx.o)
 .debug_macro   0x00000000000092cf      0x260 /Users/sam/Documents/MCUXpressoIDE_10.1.1/workspace/lpc_chip_15xx/Debug/liblpc_chip_15xx.a(clock_15xx.o)
 .debug_macro   0x000000000000952f      0x260 /Users/sam/Documents/MCUXpressoIDE_10.1.1/workspace/lpc_chip_15xx/Debug/liblpc_chip_15xx.a(gpio_15xx.o)
 .debug_macro   0x000000000000978f      0x260 /Users/sam/Documents/MCUXpressoIDE_10.1.1/workspace/lpc_chip_15xx/Debug/liblpc_chip_15xx.a(iocon_15xx.o)
 .debug_macro   0x00000000000099ef      0x26c /Users/sam/Documents/MCUXpressoIDE_10.1.1/workspace/lpc_chip_15xx/Debug/liblpc_chip_15xx.a(swm_15xx.o)
 .debug_macro   0x0000000000009c5b      0x278 /Users/sam/Documents/MCUXpressoIDE_10.1.1/workspace/lpc_chip_15xx/Debug/liblpc_chip_15xx.a(sysctl_15xx.o)
 .debug_macro   0x0000000000009ed3      0x260 /Users/sam/Documents/MCUXpressoIDE_10.1.1/workspace/lpc_chip_15xx/Debug/liblpc_chip_15xx.a(sysinit_15xx.o)
 .debug_macro   0x000000000000a133      0x260 /Users/sam/Documents/MCUXpressoIDE_10.1.1/workspace/lpc_chip_15xx/Debug/liblpc_chip_15xx.a(uart_15xx.o)

.debug_line     0x0000000000000000     0xbaf3
 .debug_line    0x0000000000000000      0x5b4 ./src/ITM_write.o
 .debug_line    0x00000000000005b4      0x3a8 ./src/cdc_desc.o
 .debug_line    0x000000000000095c      0xad7 ./src/cdc_main.o
 .debug_line    0x0000000000001433      0x93e ./src/cdc_vcom.o
 .debug_line    0x0000000000001d71       0xd5 ./src/cr_startup_lpc15xx.o
 .debug_line    0x0000000000001e46      0x698 ./src/sysinit.o
 .debug_line    0x00000000000024de     0x1076 ./src/usb_cdc.o
 .debug_line    0x0000000000003554      0xd78 /Users/sam/Documents/MCUXpressoIDE_10.1.1/workspace/FreeRTOS/Debug/libfreertos.a(queue.o)
 .debug_line    0x00000000000042cc     0x12ec /Users/sam/Documents/MCUXpressoIDE_10.1.1/workspace/FreeRTOS/Debug/libfreertos.a(tasks.o)
 .debug_line    0x00000000000055b8      0x860 /Users/sam/Documents/MCUXpressoIDE_10.1.1/workspace/FreeRTOS/Debug/libfreertos.a(heap_3.o)
 .debug_line    0x0000000000005e18      0x93a /Users/sam/Documents/MCUXpressoIDE_10.1.1/workspace/FreeRTOS/Debug/libfreertos.a(port.o)
 .debug_line    0x0000000000006752      0x8a7 /Users/sam/Documents/MCUXpressoIDE_10.1.1/workspace/FreeRTOS/Debug/libfreertos.a(FreeRTOSCommonHooks.o)
 .debug_line    0x0000000000006ff9      0x89c /Users/sam/Documents/MCUXpressoIDE_10.1.1/workspace/FreeRTOS/Debug/libfreertos.a(list.o)
 .debug_line    0x0000000000007895      0x8d7 /Users/sam/Documents/MCUXpressoIDE_10.1.1/workspace/lpc_board_nxp_lpcxpresso_1549/Debug/liblpc_board_nxp_lpcxpresso_1549.a(board.o)
 .debug_line    0x000000000000816c      0x79e /Users/sam/Documents/MCUXpressoIDE_10.1.1/workspace/lpc_board_nxp_lpcxpresso_1549/Debug/liblpc_board_nxp_lpcxpresso_1549.a(board_sysinit.o)
 .debug_line    0x000000000000890a      0x596 /Users/sam/Documents/MCUXpressoIDE_10.1.1/workspace/lpc_chip_15xx/Debug/liblpc_chip_15xx.a(chip_15xx.o)
 .debug_line    0x0000000000008ea0      0x7ea /Users/sam/Documents/MCUXpressoIDE_10.1.1/workspace/lpc_chip_15xx/Debug/liblpc_chip_15xx.a(clock_15xx.o)
 .debug_line    0x000000000000968a      0x5ee /Users/sam/Documents/MCUXpressoIDE_10.1.1/workspace/lpc_chip_15xx/Debug/liblpc_chip_15xx.a(gpio_15xx.o)
 .debug_line    0x0000000000009c78      0x536 /Users/sam/Documents/MCUXpressoIDE_10.1.1/workspace/lpc_chip_15xx/Debug/liblpc_chip_15xx.a(iocon_15xx.o)
 .debug_line    0x000000000000a1ae      0x561 /Users/sam/Documents/MCUXpressoIDE_10.1.1/workspace/lpc_chip_15xx/Debug/liblpc_chip_15xx.a(swm_15xx.o)
 .debug_line    0x000000000000a70f      0x598 /Users/sam/Documents/MCUXpressoIDE_10.1.1/workspace/lpc_chip_15xx/Debug/liblpc_chip_15xx.a(sysctl_15xx.o)
 .debug_line    0x000000000000aca7      0x5cb /Users/sam/Documents/MCUXpressoIDE_10.1.1/workspace/lpc_chip_15xx/Debug/liblpc_chip_15xx.a(sysinit_15xx.o)
 .debug_line    0x000000000000b272      0x710 /Users/sam/Documents/MCUXpressoIDE_10.1.1/workspace/lpc_chip_15xx/Debug/liblpc_chip_15xx.a(uart_15xx.o)
 .debug_line    0x000000000000b982      0x125 /Applications/MCUXpressoIDE_10.1.1_606/ide/tools/bin/../lib/gcc/arm-none-eabi/6.3.1/../../../../arm-none-eabi/lib/thumb/v7-m/libcr_newlib_nohost.a(_cr_sbrk.o)
 .debug_line    0x000000000000baa7       0x4c /Applications/MCUXpressoIDE_10.1.1_606/ide/tools/bin/../lib/gcc/arm-none-eabi/6.3.1/../../../../arm-none-eabi/lib/thumb/v7-m/libcr_newlib_nohost.a(_cr_check_heap.o)

.debug_str      0x0000000000000000    0x2d263
 .debug_str     0x0000000000000000     0xf02f ./src/ITM_write.o
                                       0xf1e2 (size before relaxing)
 .debug_str     0x000000000000f02f     0x5414 ./src/cdc_desc.o
                                       0x8c42 (size before relaxing)
 .debug_str     0x0000000000014443     0x8e94 ./src/cdc_main.o
                                      0x1d0fc (size before relaxing)
 .debug_str     0x000000000001d2d7      0x1fb ./src/cdc_vcom.o
                                      0x189fd (size before relaxing)
 .debug_str     0x000000000001d4d2      0x67f ./src/cr_startup_lpc15xx.o
                                       0x2ac5 (size before relaxing)
 .debug_str     0x000000000001db51       0x11 ./src/sysinit.o
                                      0x12c85 (size before relaxing)
 .debug_str     0x000000000001db62     0xa457 ./src/usb_cdc.o
                                      0x2092b (size before relaxing)
 .debug_str     0x0000000000027fb9      0x969 /Users/sam/Documents/MCUXpressoIDE_10.1.1/workspace/FreeRTOS/Debug/libfreertos.a(queue.o)
                                      0x17941 (size before relaxing)
 .debug_str     0x0000000000028922     0x1ee7 /Users/sam/Documents/MCUXpressoIDE_10.1.1/workspace/FreeRTOS/Debug/libfreertos.a(tasks.o)
                                      0x18a6e (size before relaxing)
 .debug_str     0x000000000002a809       0x6a /Users/sam/Documents/MCUXpressoIDE_10.1.1/workspace/FreeRTOS/Debug/libfreertos.a(heap_3.o)
                                      0x16747 (size before relaxing)
 .debug_str     0x000000000002a873      0x5fe /Users/sam/Documents/MCUXpressoIDE_10.1.1/workspace/FreeRTOS/Debug/libfreertos.a(port.o)
                                      0x16e53 (size before relaxing)
 .debug_str     0x000000000002ae71       0xc4 /Users/sam/Documents/MCUXpressoIDE_10.1.1/workspace/FreeRTOS/Debug/libfreertos.a(FreeRTOSCommonHooks.o)
                                      0x166c4 (size before relaxing)
 .debug_str     0x000000000002af35       0x9b /Users/sam/Documents/MCUXpressoIDE_10.1.1/workspace/FreeRTOS/Debug/libfreertos.a(list.o)
                                      0x1622c (size before relaxing)
 .debug_str     0x000000000002afd0      0x395 /Users/sam/Documents/MCUXpressoIDE_10.1.1/workspace/lpc_board_nxp_lpcxpresso_1549/Debug/liblpc_board_nxp_lpcxpresso_1549.a(board.o)
                                      0x13638 (size before relaxing)
 .debug_str     0x000000000002b365      0x83e /Users/sam/Documents/MCUXpressoIDE_10.1.1/workspace/lpc_board_nxp_lpcxpresso_1549/Debug/liblpc_board_nxp_lpcxpresso_1549.a(board_sysinit.o)
                                      0x13c5b (size before relaxing)
 .debug_str     0x000000000002bba3      0x144 /Users/sam/Documents/MCUXpressoIDE_10.1.1/workspace/lpc_chip_15xx/Debug/liblpc_chip_15xx.a(chip_15xx.o)
                                       0xf536 (size before relaxing)
 .debug_str     0x000000000002bce7      0x88f /Users/sam/Documents/MCUXpressoIDE_10.1.1/workspace/lpc_chip_15xx/Debug/liblpc_chip_15xx.a(clock_15xx.o)
                                       0xf951 (size before relaxing)
 .debug_str     0x000000000002c576       0xdf /Users/sam/Documents/MCUXpressoIDE_10.1.1/workspace/lpc_chip_15xx/Debug/liblpc_chip_15xx.a(gpio_15xx.o)
                                       0xeff3 (size before relaxing)
 .debug_str     0x000000000002c655       0x41 /Users/sam/Documents/MCUXpressoIDE_10.1.1/workspace/lpc_chip_15xx/Debug/liblpc_chip_15xx.a(iocon_15xx.o)
                                       0xeb10 (size before relaxing)
 .debug_str     0x000000000002c696      0x55d /Users/sam/Documents/MCUXpressoIDE_10.1.1/workspace/lpc_chip_15xx/Debug/liblpc_chip_15xx.a(swm_15xx.o)
                                       0xf518 (size before relaxing)
 .debug_str     0x000000000002cbf3      0x183 /Users/sam/Documents/MCUXpressoIDE_10.1.1/workspace/lpc_chip_15xx/Debug/liblpc_chip_15xx.a(sysctl_15xx.o)
                                       0xeffe (size before relaxing)
 .debug_str     0x000000000002cd76      0x13f /Users/sam/Documents/MCUXpressoIDE_10.1.1/workspace/lpc_chip_15xx/Debug/liblpc_chip_15xx.a(sysinit_15xx.o)
                                       0xefec (size before relaxing)
 .debug_str     0x000000000002ceb5      0x20a /Users/sam/Documents/MCUXpressoIDE_10.1.1/workspace/lpc_chip_15xx/Debug/liblpc_chip_15xx.a(uart_15xx.o)
                                       0xf14f (size before relaxing)
 .debug_str     0x000000000002d0bf      0x17f /Applications/MCUXpressoIDE_10.1.1_606/ide/tools/bin/../lib/gcc/arm-none-eabi/6.3.1/../../../../arm-none-eabi/lib/thumb/v7-m/libcr_newlib_nohost.a(_cr_sbrk.o)
                                        0x617 (size before relaxing)
 .debug_str     0x000000000002d23e       0x25 /Applications/MCUXpressoIDE_10.1.1_606/ide/tools/bin/../lib/gcc/arm-none-eabi/6.3.1/../../../../arm-none-eabi/lib/thumb/v7-m/libcr_newlib_nohost.a(_cr_check_heap.o)
                                        0x166 (size before relaxing)
